Component: ARM Compiler 5.06 update 4 (build 422) Tool: armlink [4d35d2]

==============================================================================

Section Cross References

    main.o(i.main) refers to ads131m0x_function.o(i.delay_init) for delay_init
    main.o(i.main) refers to at32f403a_407_wk_config.o(i.wk_system_clock_config) for wk_system_clock_config
    main.o(i.main) refers to at32f403a_407_wk_config.o(i.wk_periph_clock_config) for wk_periph_clock_config
    main.o(i.main) refers to at32f403a_407_wk_config.o(i.wk_debug_config) for wk_debug_config
    main.o(i.main) refers to at32f403a_407_wk_config.o(i.wk_nvic_config) for wk_nvic_config
    main.o(i.main) refers to at32f403a_407_wk_config.o(i.wk_spi1_init) for wk_spi1_init
    main.o(i.main) refers to at32f403a_407_wk_config.o(i.wk_spi2_init) for wk_spi2_init
    main.o(i.main) refers to at32f403a_407_wk_config.o(i.wk_exint_config) for wk_exint_config
    main.o(i.main) refers to at32f403a_407_wk_config.o(i.wk_tmr2_init) for wk_tmr2_init
    main.o(i.main) refers to at32f403a_407_wk_config.o(i.wk_gpio_config) for wk_gpio_config
    main.o(i.main) refers to ads131m0x.o(i.adcStartup) for adcStartup
    main.o(i.main) refers to at32f403a_407_gpio.o(i.gpio_bits_write) for gpio_bits_write
    main.o(i.main) refers to da16600.o(i.read_response) for read_response
    main.o(i.main) refers to da16600.o(i.ReadData) for ReadData
    main.o(i.main) refers to strncmp.o(.text) for strncmp
    main.o(i.main) refers to da16600.o(i.Write_Request) for Write_Request
    main.o(i.main) refers to ads131m0x_function.o(i.waitForDRDYinterrupt) for waitForDRDYinterrupt
    main.o(i.main) refers to ads131m0x.o(i.readData) for readData
    main.o(i.main) refers to ads131m0x.o(i.extract_low_24_bits) for extract_low_24_bits
    main.o(i.main) refers to rt_memcpy_v6.o(.text) for __aeabi_memcpy
    main.o(i.main) refers to da16600.o(i.send_data) for send_data
    main.o(i.main) refers to main.o(.data) for wait_connect_flag
    main.o(i.main) refers to da16600.o(.data) for int_flag
    main.o(i.main) refers to da16600.o(.bss) for re_data
    main.o(i.main) refers to main.o(.bss) for adc_data
    main.o(i.main) refers to ads131m0x.o(.data) for adc_data_cnt
    main.o(i.main) refers to ads131m0x.o(.bss) for adc_tx_data
    at32f403a_407_wk_config.o(i.wk_debug_config) refers to at32f403a_407_gpio.o(i.gpio_pin_remap_config) for gpio_pin_remap_config
    at32f403a_407_wk_config.o(i.wk_exint_config) refers to at32f403a_407_gpio.o(i.gpio_default_para_init) for gpio_default_para_init
    at32f403a_407_wk_config.o(i.wk_exint_config) refers to at32f403a_407_gpio.o(i.gpio_init) for gpio_init
    at32f403a_407_wk_config.o(i.wk_exint_config) refers to at32f403a_407_gpio.o(i.gpio_exint_line_config) for gpio_exint_line_config
    at32f403a_407_wk_config.o(i.wk_exint_config) refers to at32f403a_407_exint.o(i.exint_default_para_init) for exint_default_para_init
    at32f403a_407_wk_config.o(i.wk_exint_config) refers to at32f403a_407_exint.o(i.exint_init) for exint_init
    at32f403a_407_wk_config.o(i.wk_gpio_config) refers to at32f403a_407_gpio.o(i.gpio_default_para_init) for gpio_default_para_init
    at32f403a_407_wk_config.o(i.wk_gpio_config) refers to at32f403a_407_gpio.o(i.gpio_bits_reset) for gpio_bits_reset
    at32f403a_407_wk_config.o(i.wk_gpio_config) refers to at32f403a_407_gpio.o(i.gpio_init) for gpio_init
    at32f403a_407_wk_config.o(i.wk_nvic_config) refers to at32f403a_407_misc.o(i.nvic_priority_group_config) for nvic_priority_group_config
    at32f403a_407_wk_config.o(i.wk_nvic_config) refers to at32f403a_407_misc.o(i.nvic_irq_enable) for nvic_irq_enable
    at32f403a_407_wk_config.o(i.wk_periph_clock_config) refers to at32f403a_407_crm.o(i.crm_periph_clock_enable) for crm_periph_clock_enable
    at32f403a_407_wk_config.o(i.wk_spi1_init) refers to at32f403a_407_gpio.o(i.gpio_default_para_init) for gpio_default_para_init
    at32f403a_407_wk_config.o(i.wk_spi1_init) refers to at32f403a_407_spi.o(i.spi_default_para_init) for spi_default_para_init
    at32f403a_407_wk_config.o(i.wk_spi1_init) refers to at32f403a_407_gpio.o(i.gpio_init) for gpio_init
    at32f403a_407_wk_config.o(i.wk_spi1_init) refers to at32f403a_407_spi.o(i.spi_init) for spi_init
    at32f403a_407_wk_config.o(i.wk_spi1_init) refers to at32f403a_407_spi.o(i.spi_hardware_cs_output_enable) for spi_hardware_cs_output_enable
    at32f403a_407_wk_config.o(i.wk_spi1_init) refers to at32f403a_407_spi.o(i.spi_enable) for spi_enable
    at32f403a_407_wk_config.o(i.wk_spi2_init) refers to at32f403a_407_gpio.o(i.gpio_default_para_init) for gpio_default_para_init
    at32f403a_407_wk_config.o(i.wk_spi2_init) refers to at32f403a_407_spi.o(i.spi_default_para_init) for spi_default_para_init
    at32f403a_407_wk_config.o(i.wk_spi2_init) refers to at32f403a_407_gpio.o(i.gpio_init) for gpio_init
    at32f403a_407_wk_config.o(i.wk_spi2_init) refers to at32f403a_407_spi.o(i.spi_init) for spi_init
[...]
    Removing at32f403a_407_flash.o(i.flash_word_program), (180 bytes).
    Removing at32f403a_407_flash.o(.constdata), (8 bytes).
    Removing at32f403a_407_gpio.o(.rev16_text), (4 bytes).
    Removing at32f403a_407_gpio.o(.revsh_text), (4 bytes).
    Removing at32f403a_407_gpio.o(.rrx_text), (6 bytes).
    Removing at32f403a_407_gpio.o(i.gpio_bits_set), (4 bytes).
    Removing at32f403a_407_gpio.o(i.gpio_event_output_config), (28 bytes).
    Removing at32f403a_407_gpio.o(i.gpio_event_output_enable), (20 bytes).
    Removing at32f403a_407_gpio.o(i.gpio_input_data_bit_read), (18 bytes).
    Removing at32f403a_407_gpio.o(i.gpio_input_data_read), (8 bytes).
    Removing at32f403a_407_gpio.o(i.gpio_iomux_reset), (24 bytes).
    Removing at32f403a_407_gpio.o(i.gpio_output_data_bit_read), (18 bytes).
    Removing at32f403a_407_gpio.o(i.gpio_output_data_read), (8 bytes).
    Removing at32f403a_407_gpio.o(i.gpio_pin_wp_config), (18 bytes).
    Removing at32f403a_407_gpio.o(i.gpio_pins_huge_driven_config), (18 bytes).
    Removing at32f403a_407_gpio.o(i.gpio_port_write), (4 bytes).
    Removing at32f403a_407_gpio.o(i.gpio_reset), (164 bytes).
    Removing at32f403a_407_misc.o(.rev16_text), (4 bytes).
    Removing at32f403a_407_misc.o(.revsh_text), (4 bytes).
    Removing at32f403a_407_misc.o(.rrx_text), (6 bytes).
    Removing at32f403a_407_misc.o(i.nvic_lowpower_mode_config), (32 bytes).
    Removing at32f403a_407_misc.o(i.nvic_system_reset), (44 bytes).
    Removing at32f403a_407_misc.o(i.nvic_vector_table_set), (20 bytes).
    Removing at32f403a_407_pwc.o(.rev16_text), (4 bytes).
    Removing at32f403a_407_pwc.o(.revsh_text), (4 bytes).
    Removing at32f403a_407_pwc.o(.rrx_text), (6 bytes).
    Removing at32f403a_407_pwc.o(i.pwc_battery_powered_domain_access), (20 bytes).
    Removing at32f403a_407_pwc.o(i.pwc_deep_sleep_mode_enter), (48 bytes).
    Removing at32f403a_407_pwc.o(i.pwc_flag_clear), (48 bytes).
    Removing at32f403a_407_pwc.o(i.pwc_flag_get), (24 bytes).
    Removing at32f403a_407_pwc.o(i.pwc_power_voltage_monitor_enable), (20 bytes).
    Removing at32f403a_407_pwc.o(i.pwc_pvm_level_select), (20 bytes).
    Removing at32f403a_407_pwc.o(i.pwc_reset), (24 bytes).
    Removing at32f403a_407_pwc.o(i.pwc_sleep_mode_enter), (36 bytes).
    Removing at32f403a_407_pwc.o(i.pwc_standby_mode_enter), (56 bytes).
    Removing at32f403a_407_pwc.o(i.pwc_voltage_regulate_set), (20 bytes).
    Removing at32f403a_407_pwc.o(i.pwc_wakeup_pin_enable), (32 bytes).
    Removing at32f403a_407_spi.o(.rev16_text), (4 bytes).
    Removing at32f403a_407_spi.o(.revsh_text), (4 bytes).
    Removing at32f403a_407_spi.o(.rrx_text), (6 bytes).
    Removing at32f403a_407_spi.o(i.i2s_default_para_init), (22 bytes).
    Removing at32f403a_407_spi.o(i.i2s_enable), (10 bytes).
    Removing at32f403a_407_spi.o(i.i2s_init), (554 bytes).
    Removing at32f403a_407_spi.o(i.spi_crc_enable), (10 bytes).
    Removing at32f403a_407_spi.o(i.spi_crc_next_transmit), (14 bytes).
    Removing at32f403a_407_spi.o(i.spi_crc_polynomial_get), (8 bytes).
    Removing at32f403a_407_spi.o(i.spi_crc_polynomial_set), (10 bytes).
    Removing at32f403a_407_spi.o(i.spi_crc_value_get), (18 bytes).
    Removing at32f403a_407_spi.o(i.spi_frame_bit_num_set), (10 bytes).
    Removing at32f403a_407_spi.o(i.spi_half_duplex_direction_set), (10 bytes).
    Removing at32f403a_407_spi.o(i.spi_i2s_dma_receiver_enable), (10 bytes).
    Removing at32f403a_407_spi.o(i.spi_i2s_dma_transmitter_enable), (10 bytes).
    Removing at32f403a_407_spi.o(i.spi_i2s_flag_clear), (48 bytes).
    Removing at32f403a_407_spi.o(i.spi_i2s_interrupt_enable), (18 bytes).
    Removing at32f403a_407_spi.o(i.spi_i2s_reset), (120 bytes).
    Removing at32f403a_407_spi.o(i.spi_software_cs_internal_level_set), (10 bytes).
    Removing at32f403a_407_tmr.o(.rev16_text), (4 bytes).
    Removing at32f403a_407_tmr.o(.revsh_text), (4 bytes).
    Removing at32f403a_407_tmr.o(.rrx_text), (6 bytes).
    Removing at32f403a_407_tmr.o(i.tmr_32_bit_function_enable), (28 bytes).
    Removing at32f403a_407_tmr.o(i.tmr_brkdt_config), (72 bytes).
    Removing at32f403a_407_tmr.o(i.tmr_brkdt_default_para_init), (18 bytes).
    Removing at32f403a_407_tmr.o(i.tmr_channel1_input_select), (10 bytes).
    Removing at32f403a_407_tmr.o(i.tmr_channel_buffer_enable), (10 bytes).
    Removing at32f403a_407_tmr.o(i.tmr_channel_dma_select), (10 bytes).
    Removing at32f403a_407_tmr.o(i.tmr_channel_enable), (96 bytes).
    Removing at32f403a_407_tmr.o(i.tmr_channel_value_get), (46 bytes).
    Removing at32f403a_407_tmr.o(i.tmr_counter_value_get), (6 bytes).
    Removing at32f403a_407_tmr.o(i.tmr_counter_value_set), (4 bytes).
    Removing at32f403a_407_tmr.o(i.tmr_div_value_get), (6 bytes).
    Removing at32f403a_407_tmr.o(i.tmr_div_value_set), (4 bytes).
    Removing at32f403a_407_tmr.o(i.tmr_dma_control_config), (18 bytes).
    Removing at32f403a_407_tmr.o(i.tmr_dma_request_enable), (22 bytes).
    Removing at32f403a_407_tmr.o(i.tmr_encoder_mode_config), (70 bytes).
    Removing at32f403a_407_tmr.o(i.tmr_event_sw_trigger), (8 bytes).
    Removing at32f403a_407_tmr.o(i.tmr_external_clock_config), (28 bytes).
    Removing at32f403a_407_tmr.o(i.tmr_external_clock_mode1_config), (44 bytes).
    Removing at32f403a_407_tmr.o(i.tmr_external_clock_mode2_config), (36 bytes).
    Removing at32f403a_407_tmr.o(i.tmr_flag_clear), (6 bytes).
    Removing at32f403a_407_tmr.o(i.tmr_flag_get), (18 bytes).
    Removing at32f403a_407_tmr.o(i.tmr_force_output_set), (66 bytes).
    Removing at32f403a_407_tmr.o(i.tmr_hall_select), (10 bytes).
    Removing at32f403a_407_tmr.o(i.tmr_input_channel_divider_set), (66 bytes).
    Removing at32f403a_407_tmr.o(i.tmr_input_channel_filter_set), (66 bytes).
    Removing at32f403a_407_tmr.o(i.tmr_input_channel_init), (304 bytes).
    Removing at32f403a_407_tmr.o(i.tmr_input_default_para_init), (16 bytes).
    Removing at32f403a_407_tmr.o(i.tmr_internal_clock_set), (10 bytes).
    Removing at32f403a_407_tmr.o(i.tmr_interrupt_enable), (22 bytes).
    Removing at32f403a_407_tmr.o(i.tmr_one_cycle_mode_enable), (10 bytes).
    Removing at32f403a_407_tmr.o(i.tmr_output_channel_mode_select), (66 bytes).
    Removing at32f403a_407_tmr.o(i.tmr_output_channel_polarity_set), (96 bytes).
    Removing at32f403a_407_tmr.o(i.tmr_output_channel_switch_set), (66 bytes).
    Removing at32f403a_407_tmr.o(i.tmr_output_default_para_init), (18 bytes).
    Removing at32f403a_407_tmr.o(i.tmr_output_enable), (10 bytes).
    Removing at32f403a_407_tmr.o(i.tmr_overflow_event_disable), (10 bytes).
    Removing at32f403a_407_tmr.o(i.tmr_overflow_request_source_set), (10 bytes).
    Removing at32f403a_407_tmr.o(i.tmr_period_value_get), (6 bytes).
    Removing at32f403a_407_tmr.o(i.tmr_period_value_set), (4 bytes).
    Removing at32f403a_407_tmr.o(i.tmr_pwm_input_config), (350 bytes).
    Removing at32f403a_407_tmr.o(i.tmr_repetition_counter_set), (10 bytes).
    Removing at32f403a_407_tmr.o(i.tmr_reset), (416 bytes).
    Removing at32f403a_407_tmr.o(i.tmr_sub_mode_select), (10 bytes).
    Removing at32f403a_407_tmr.o(i.tmr_trigger_input_select), (10 bytes).
    Removing system_at32f403a_407.o(.rev16_text), (4 bytes).
    Removing system_at32f403a_407.o(.revsh_text), (4 bytes).
    Removing system_at32f403a_407.o(.rrx_text), (6 bytes).

216 unused section(s) (total 8926 bytes) removed from the image.

==============================================================================

Image Symbol Table

    Local Symbols

    Symbol Name                              Value     Ov Type        Size  Object(Section)

    ../clib/angel/boardlib.s                 0x00000000   Number         0  boardshut.o ABSOLUTE
    ../clib/angel/boardlib.s                 0x00000000   Number         0  boardinit1.o ABSOLUTE
    ../clib/angel/boardlib.s                 0x00000000   Number         0  boardinit2.o ABSOLUTE
    ../clib/angel/boardlib.s                 0x00000000   Number         0  boardinit3.o ABSOLUTE
    ../clib/angel/dczerorl.s                 0x00000000   Number         0  __dczerorl.o ABSOLUTE
    ../clib/angel/handlers.s                 0x00000000   Number         0  __scatter_zi.o ABSOLUTE
    ../clib/angel/kernel.s                   0x00000000   Number         0  rtexit.o ABSOLUTE
    ../clib/angel/kernel.s                   0x00000000   Number         0  __rtentry.o ABSOLUTE
    ../clib/angel/kernel.s                   0x00000000   Number         0  __rtentry2.o ABSOLUTE
    ../clib/angel/kernel.s                   0x00000000   Number         0  __rtentry4.o ABSOLUTE
    ../clib/angel/kernel.s                   0x00000000   Number         0  rtexit2.o ABSOLUTE
    ../clib/angel/rt.s                       0x00000000   Number         0  rt_raise.o ABSOLUTE
    ../clib/angel/scatter.s                  0x00000000   Number         0  __scatter.o ABSOLUTE
    ../clib/angel/startup.s                  0x00000000   Number         0  __main.o ABSOLUTE
    ../clib/angel/sys.s                      0x00000000   Number         0  indicate_semi.o ABSOLUTE
    ../clib/angel/sys.s                      0x00000000   Number         0  sys_stackheap_outer.o ABSOLUTE
    ../clib/angel/sys.s                      0x00000000   Number         0  use_no_semi.o ABSOLUTE
    ../clib/angel/sys.s                      0x00000000   Number         0  libspace.o ABSOLUTE
    ../clib/angel/sysapp.c                   0x00000000   Number         0  sys_command.o ABSOLUTE
    ../clib/angel/sysapp.c                   0x00000000   Number         0  sys_exit.o ABSOLUTE
    ../clib/angel/sysapp.c                   0x00000000   Number         0  sys_wrch.o ABSOLUTE
    ../clib/armsys.c                         0x00000000   Number         0  no_argv.o ABSOLUTE
    ../clib/armsys.c                         0x00000000   Number         0  _get_argv_nomalloc.o ABSOLUTE
    ../clib/armsys.c                         0x00000000   Number         0  argv_veneer.o ABSOLUTE
    ../clib/armsys.c                         0x00000000   Number         0  argv_veneer.o ABSOLUTE
    ../clib/assert.c                         0x00000000   Number         0  assert.o ABSOLUTE
    ../clib/assert.c                         0x00000000   Number         0  assert_puts.o ABSOLUTE
    ../clib/heapalloc.c                      0x00000000   Number         0  hrguard.o ABSOLUTE
    ../clib/heapaux.c                        0x00000000   Number         0  heapauxi.o ABSOLUTE
    ../clib/libinit.s                        0x00000000   Number         0  libshutdown2.o ABSOLUTE
    ../clib/libinit.s                        0x00000000   Number         0  libinit2.o ABSOLUTE
    ../clib/libinit.s                        0x00000000   Number         0  libshutdown.o ABSOLUTE
    ../clib/libinit.s                        0x00000000   Number         0  libinit.o ABSOLUTE
    ../clib/memcpset.s                       0x00000000   Number         0  rt_memcpy_w.o ABSOLUTE
    ../clib/memcpset.s                       0x00000000   Number         0  rt_memcpy_v6.o ABSOLUTE
    ../clib/signal.c                         0x00000000   Number         0  defsig_pvfn_inner.o ABSOLUTE
    ../clib/signal.c                         0x00000000   Number         0  defsig_abrt_formal.o ABSOLUTE
    ../clib/signal.c                         0x00000000   Number         0  defsig_stak_inner.o ABSOLUTE
    ../clib/signal.c                         0x00000000   Number         0  defsig_abrt_outer.o ABSOLUTE
    ../clib/signal.c                         0x00000000   Number         0  defsig_general.o ABSOLUTE
    ../clib/signal.c                         0x00000000   Number         0  __raise.o ABSOLUTE
    ../clib/signal.c                         0x00000000   Number         0  defsig_exit.o ABSOLUTE
    ../clib/signal.c                         0x00000000   Number         0  defsig_rtmem_formal.o ABSOLUTE
    ../clib/signal.c                         0x00000000   Number         0  defsig_segv_inner.o ABSOLUTE
    ../clib/signal.c                         0x00000000   Number         0  defsig_rtmem_outer.o ABSOLUTE
    ../clib/signal.c                         0x00000000   Number         0  defsig_abrt_inner.o ABSOLUTE
    ../clib/signal.c                         0x00000000   Number         0  defsig_other.o ABSOLUTE
    ../clib/signal.c                         0x00000000   Number         0  defsig_fpe_inner.o ABSOLUTE
    ../clib/signal.c                         0x00000000   Number         0  defsig_rtred_inner.o ABSOLUTE
    ../clib/signal.c                         0x00000000   Number         0  defsig_cppl_inner.o ABSOLUTE
    ../clib/signal.c                         0x00000000   Number         0  defsig_rtmem_inner.o ABSOLUTE
    ../clib/signal.s                         0x00000000   Number         0  defsig.o ABSOLUTE
    ../clib/stdlib.c                         0x00000000   Number         0  abort.o ABSOLUTE
    ../clib/stdlib.c                         0x00000000   Number         0  exit.o ABSOLUTE
    ../clib/string.c                         0x00000000   Number         0  strncmp.o ABSOLUTE
    ../clib/string.c                         0x00000000   Number         0  strlen.o ABSOLUTE
    ../fplib/fpinit.s                        0x00000000   Number         0  fpinit.o ABSOLUTE
    ..\..\libraries\cmsis\cm4\device_support\system_at32f403a_407.c 0x00000000   Number         0  system_at32f403a_407.o ABSOLUTE
    ..\..\libraries\drivers\src\at32f403a_407_crm.c 0x00000000   Number         0  at32f403a_407_crm.o ABSOLUTE
    ..\..\libraries\drivers\src\at32f403a_407_debug.c 0x00000000   Number         0  at32f403a_407_debug.o ABSOLUTE
    ..\..\libraries\drivers\src\at32f403a_407_exint.c 0x00000000   Number         0  at32f403a_407_exint.o ABSOLUTE
    ..\..\libraries\drivers\src\at32f403a_407_flash.c 0x00000000   Number         0  at32f403a_407_flash.o ABSOLUTE
    ..\..\libraries\drivers\src\at32f403a_407_gpio.c 0x00000000   Number         0  at32f403a_407_gpio.o ABSOLUTE
    ..\..\libraries\drivers\src\at32f403a_407_misc.c 0x00000000   Number         0  at32f403a_407_misc.o ABSOLUTE
    ..\..\libraries\drivers\src\at32f403a_407_pwc.c 0x00000000   Number         0  at32f403a_407_pwc.o ABSOLUTE
    ..\..\libraries\drivers\src\at32f403a_407_spi.c 0x00000000   Number         0  at32f403a_407_spi.o ABSOLUTE
    ..\..\libraries\drivers\src\at32f403a_407_tmr.c 0x00000000   Number         0  at32f403a_407_tmr.o ABSOLUTE
    ..\\..\\libraries\\cmsis\\cm4\\device_support\\system_at32f403a_407.c 0x00000000   Number         0  system_at32f403a_407.o ABSOLUTE
    ..\\..\\libraries\\drivers\\src\\at32f403a_407_crm.c 0x00000000   Number         0  at32f403a_407_crm.o ABSOLUTE
    ..\\..\\libraries\\drivers\\src\\at32f403a_407_debug.c 0x00000000   Number         0  at32f403a_407_debug.o ABSOLUTE
    ..\\..\\libraries\\drivers\\src\\at32f403a_407_exint.c 0x00000000   Number         0  at32f403a_407_exint.o ABSOLUTE
    ..\\..\\libraries\\drivers\\src\\at32f403a_407_flash.c 0x00000000   Number         0  at32f403a_407_flash.o ABSOLUTE
    ..\\..\\libraries\\drivers\\src\\at32f403a_407_gpio.c 0x00000000   Number         0  at32f403a_407_gpio.o ABSOLUTE
    ..\\..\\libraries\\drivers\\src\\at32f403a_407_misc.c 0x00000000   Number         0  at32f403a_407_misc.o ABSOLUTE
    ..\\..\\libraries\\drivers\\src\\at32f403a_407_pwc.c 0x00000000   Number         0  at32f403a_407_pwc.o ABSOLUTE
    ..\\..\\libraries\\drivers\\src\\at32f403a_407_spi.c 0x00000000   Number         0  at32f403a_407_spi.o ABSOLUTE
    ..\\..\\libraries\\drivers\\src\\at32f403a_407_tmr.c 0x00000000   Number         0  at32f403a_407_tmr.o ABSOLUTE
    ..\\src\\DA16600.c                       0x00000000   Number         0  da16600.o ABSOLUTE
    ..\\src\\ads131m0x.c                     0x00000000   Number         0  ads131m0x.o ABSOLUTE
    ..\\src\\ads131m0x_function.c            0x00000000   Number         0  ads131m0x_function.o ABSOLUTE
    ..\\src\\at32f403a_407_int.c             0x00000000   Number         0  at32f403a_407_int.o ABSOLUTE
    ..\\src\\at32f403a_407_wk_config.c       0x00000000   Number         0  at32f403a_407_wk_config.o ABSOLUTE
    ..\\src\\main.c                          0x00000000   Number         0  main.o ABSOLUTE
    ..\src\DA16600.c                         0x00000000   Number         0  da16600.o ABSOLUTE
    ..\src\ads131m0x.c                       0x00000000   Number         0  ads131m0x.o ABSOLUTE
    ..\src\ads131m0x_function.c              0x00000000   Number         0  ads131m0x_function.o ABSOLUTE
    ..\src\at32f403a_407_int.c               0x00000000   Number         0  at32f403a_407_int.o ABSOLUTE
    ..\src\at32f403a_407_wk_config.c         0x00000000   Number         0  at32f403a_407_wk_config.o ABSOLUTE
    ..\src\main.c                            0x00000000   Number         0  main.o ABSOLUTE
    dc.s                                     0x00000000   Number         0  dc.o ABSOLUTE
    startup_at32f403a_407.s                  0x00000000   Number         0  startup_at32f403a_407.o ABSOLUTE
    RESET                                    0x08000000   Section      388  startup_at32f403a_407.o(RESET)
    !!!main                                  0x08000184   Section        8  __main.o(!!!main)
    !!!scatter                               0x0800018c   Section       52  __scatter.o(!!!scatter)
    !!dczerorl                               0x080001c0   Section       58  __dczerorl.o(!!dczerorl)
    !!handler_zi                             0x080001fc   Section       28  __scatter_zi.o(!!handler_zi)
    .ARM.Collect$$libinit$$00000000          0x08000218   Section        2  libinit.o(.ARM.Collect$$libinit$$00000000)
    .ARM.Collect$$libinit$$00000001          0x0800021a   Section        4  libinit2.o(.ARM.Collect$$libinit$$00000001)
    .ARM.Collect$$libinit$$00000004          0x0800021e   Section        0  libinit2.o(.ARM.Collect$$libinit$$00000004)
    .ARM.Collect$$libinit$$0000000A          0x0800021e   Section        0  libinit2.o(.ARM.Collect$$libinit$$0000000A)
    .ARM.Collect$$libinit$$0000000C          0x0800021e   Section        0  libinit2.o(.ARM.Collect$$libinit$$0000000C)
    .ARM.Collect$$libinit$$0000000E          0x0800021e   Section        0  libinit2.o(.ARM.Collect$$libinit$$0000000E)
    .ARM.Collect$$libinit$$00000011          0x0800021e   Section        0  libinit2.o(.ARM.Collect$$libinit$$00000011)
    .ARM.Collect$$libinit$$00000013          0x0800021e   Section        0  libinit2.o(.ARM.Collect$$libinit$$00000013)
    .ARM.Collect$$libinit$$00000015          0x0800021e   Section        0  libinit2.o(.ARM.Collect$$libinit$$00000015)
    .ARM.Collect$$libinit$$00000017          0x0800021e   Section        0  libinit2.o(.ARM.Collect$$libinit$$00000017)
    .ARM.Collect$$libinit$$00000019          0x0800021e   Section        0  libinit2.o(.ARM.Collect$$libinit$$00000019)
    .ARM.Collect$$libinit$$0000001B          0x0800021e   Section        0  libinit2.o(.ARM.Collect$$libinit$$0000001B)
    .ARM.Collect$$libinit$$0000001D          0x0800021e   Section        0  libinit2.o(.ARM.Collect$$libinit$$0000001D)
    .ARM.Collect$$libinit$$0000001F          0x0800021e   Section        0  libinit2.o(.ARM.Collect$$libinit$$0000001F)
    .ARM.Collect$$libinit$$00000021          0x0800021e   Section        0  libinit2.o(.ARM.Collect$$libinit$$00000021)
    .ARM.Collect$$libinit$$00000023          0x0800021e   Section        0  libinit2.o(.ARM.Collect$$libinit$$00000023)
    .ARM.Collect$$libinit$$00000025          0x0800021e   Section        0  libinit2.o(.ARM.Collect$$libinit$$00000025)
    .ARM.Collect$$libinit$$0000002C          0x0800021e   Section        0  libinit2.o(.ARM.Collect$$libinit$$0000002C)
    .ARM.Collect$$libinit$$0000002E          0x0800021e   Section        0  libinit2.o(.ARM.Collect$$libinit$$0000002E)
    .ARM.Collect$$libinit$$00000030          0x0800021e   Section        0  libinit2.o(.ARM.Collect$$libinit$$00000030)
    .ARM.Collect$$libinit$$00000032          0x0800021e   Section        0  libinit2.o(.ARM.Collect$$libinit$$00000032)
    .ARM.Collect$$libinit$$00000033          0x0800021e   Section        2  libinit2.o(.ARM.Collect$$libinit$$00000033)
    .ARM.Collect$$libshutdown$$00000000      0x08000220   Section        2  libshutdown.o(.ARM.Collect$$libshutdown$$00000000)
    .ARM.Collect$$libshutdown$$00000002      0x08000222   Section        0  libshutdown2.o(.ARM.Collect$$libshutdown$$00000002)
    .ARM.Collect$$libshutdown$$00000004      0x08000222   Section        0  libshutdown2.o(.ARM.Collect$$libshutdown$$00000004)
    .ARM.Collect$$libshutdown$$00000007      0x08000222   Section        0  libshutdown2.o(.ARM.Collect$$libshutdown$$00000007)
    .ARM.Collect$$libshutdown$$0000000A      0x08000222   Section        0  libshutdown2.o(.ARM.Collect$$libshutdown$$0000000A)
    .ARM.Collect$$libshutdown$$0000000C      0x08000222   Section        0  libshutdown2.o(.ARM.Collect$$libshutdown$$0000000C)
    .ARM.Collect$$libshutdown$$0000000F      0x08000222   Section        0  libshutdown2.o(.ARM.Collect$$libshutdown$$0000000F)
    .ARM.Collect$$libshutdown$$00000010      0x08000222   Section        2  libshutdown2.o(.ARM.Collect$$libshutdown$$00000010)
    .ARM.Collect$$rtentry$$00000000          0x08000224   Section        0  __rtentry.o(.ARM.Collect$$rtentry$$00000000)
    .ARM.Collect$$rtentry$$00000002          0x08000224   Section        0  __rtentry2.o(.ARM.Collect$$rtentry$$00000002)
    .ARM.Collect$$rtentry$$00000004          0x08000224   Section        6  __rtentry4.o(.ARM.Collect$$rtentry$$00000004)
    .ARM.Collect$$rtentry$$00000009          0x0800022a   Section        0  __rtentry2.o(.ARM.Collect$$rtentry$$00000009)
    .ARM.Collect$$rtentry$$0000000A          0x0800022a   Section        4  __rtentry2.o(.ARM.Collect$$rtentry$$0000000A)
    .ARM.Collect$$rtentry$$0000000C          0x0800022e   Section        0  __rtentry2.o(.ARM.Collect$$rtentry$$0000000C)
    .ARM.Collect$$rtentry$$0000000D          0x0800022e   Section        8  __rtentry2.o(.ARM.Collect$$rtentry$$0000000D)
    .ARM.Collect$$rtexit$$00000000           0x08000236   Section        2  rtexit.o(.ARM.Collect$$rtexit$$00000000)
    .ARM.Collect$$rtexit$$00000002           0x08000238   Section        0  rtexit2.o(.ARM.Collect$$rtexit$$00000002)
    .ARM.Collect$$rtexit$$00000003           0x08000238   Section        4  rtexit2.o(.ARM.Collect$$rtexit$$00000003)
    .ARM.Collect$$rtexit$$00000004           0x0800023c   Section        6  rtexit2.o(.ARM.Collect$$rtexit$$00000004)
    .text                                    0x08000244   Section       64  startup_at32f403a_407.o(.text)
    $v0                                      0x08000244   Number         0  startup_at32f403a_407.o(.text)
    .text                                    0x08000284   Section        0  assert.o(.text)
    .text                                    0x08000304   Section        0  strlen.o(.text)
    .text                                    0x08000342   Section        0  strncmp.o(.text)
    .text                                    0x080003d8   Section      138  rt_memcpy_v6.o(.text)
    .text                                    0x08000462   Section        0  heapauxi.o(.text)
    .text                                    0x08000468   Section        0  abort.o(.text)
    .text                                    0x0800047e   Section        0  assert_puts.o(.text)
    .text                                    0x08000492   Section      100  rt_memcpy_w.o(.text)
    .text                                    0x080004f6   Section        0  sys_wrch.o(.text)
    .text                                    0x08000504   Section        0  sys_exit.o(.text)
    .text                                    0x08000510   Section        0  defsig_abrt_outer.o(.text)
    .text                                    0x0800051e   Section        2  use_no_semi.o(.text)
    .text                                    0x08000520   Section        0  indicate_semi.o(.text)
    .text                                    0x08000520   Section       74  sys_stackheap_outer.o(.text)
    .text                                    0x0800056a   Section        0  exit.o(.text)
    .text                                    0x0800057c   Section        0  defsig_exit.o(.text)
    .text                                    0x08000588   Section        0  defsig_abrt_inner.o(.text)
    .text                                    0x080005b8   Section        8  libspace.o(.text)
    .text                                    0x080005c0   Section        0  defsig_general.o(.text)
    i.BusFault_Handler                       0x080005f2   Section        0  at32f403a_407_int.o(i.BusFault_Handler)
    i.DebugMon_Handler                       0x080005f6   Section        0  at32f403a_407_int.o(i.DebugMon_Handler)
    i.EXINT0_IRQHandler                      0x080005f8   Section        0  at32f403a_407_int.o(i.EXINT0_IRQHandler)
    i.EXINT15_10_IRQHandler                  0x08000614   Section        0  at32f403a_407_int.o(i.EXINT15_10_IRQHandler)
    i.HardFault_Handler                      0x08000654   Section        0  at32f403a_407_int.o(i.HardFault_Handler)
    i.MemManage_Handler                      0x08000658   Section        0  at32f403a_407_int.o(i.MemManage_Handler)
    i.NMI_Handler                            0x0800065c   Section        0  at32f403a_407_int.o(i.NMI_Handler)
    i.PendSV_Handler                         0x0800065e   Section        0  at32f403a_407_int.o(i.PendSV_Handler)
    i.ReadData                               0x08000660   Section        0  da16600.o(i.ReadData)
    i.SPI_Write                              0x080006d4   Section        0  da16600.o(i.SPI_Write)
    i.SVC_Handler                            0x08000728   Section        0  at32f403a_407_int.o(i.SVC_Handler)
    i.SystemInit                             0x0800072c   Section        0  system_at32f403a_407.o(i.SystemInit)
    i.UsageFault_Handler                     0x0800079c   Section        0  at32f403a_407_int.o(i.UsageFault_Handler)
    i.Write_Request                          0x080007a0   Section        0  da16600.o(i.Write_Request)
    i.adcStartup                             0x08000818   Section        0  ads131m0x.o(i.adcStartup)
    i.buildSPIarray                          0x08000854   Section        0  ads131m0x.o(i.buildSPIarray)
    i.combineBytes                           0x080008ae   Section        0  ads131m0x.o(i.combineBytes)
    i.crm_ahb_div_set                        0x080008b8   Section        0  at32f403a_407_crm.o(i.crm_ahb_div_set)
    i.crm_apb1_div_set                       0x080008cc   Section        0  at32f403a_407_crm.o(i.crm_apb1_div_set)
    i.crm_apb2_div_set                       0x080008e0   Section        0  at32f403a_407_crm.o(i.crm_apb2_div_set)
    i.crm_auto_step_mode_enable              0x080008f4   Section        0  at32f403a_407_crm.o(i.crm_auto_step_mode_enable)
    i.crm_clock_source_enable                0x0800091c   Section        0  at32f403a_407_crm.o(i.crm_clock_source_enable)
    i.crm_flag_get                           0x0800097c   Section        0  at32f403a_407_crm.o(i.crm_flag_get)
    i.crm_periph_clock_enable                0x080009ac   Section        0  at32f403a_407_crm.o(i.crm_periph_clock_enable)
    i.crm_pll_config                         0x080009f0   Section        0  at32f403a_407_crm.o(i.crm_pll_config)
    i.crm_reset                              0x08000a6c   Section        0  at32f403a_407_crm.o(i.crm_reset)
    i.crm_sysclk_switch                      0x08000ac4   Section        0  at32f403a_407_crm.o(i.crm_sysclk_switch)
    i.crm_sysclk_switch_status_get           0x08000ad8   Section        0  at32f403a_407_crm.o(i.crm_sysclk_switch_status_get)
    i.delay_init                             0x08000ae8   Section        0  ads131m0x_function.o(i.delay_init)
    i.delay_ms                               0x08000b20   Section        0  ads131m0x_function.o(i.delay_ms)
    i.delay_us                               0x08000b94   Section        0  ads131m0x_function.o(i.delay_us)
    i.enforce_selected_device_modes          0x08000be4   Section        0  ads131m0x.o(i.enforce_selected_device_modes)
    i.exint_default_para_init                0x08000bfc   Section        0  at32f403a_407_exint.o(i.exint_default_para_init)
    i.exint_flag_clear                       0x08000c0c   Section        0  at32f403a_407_exint.o(i.exint_flag_clear)
    i.exint_flag_get                         0x08000c2c   Section        0  at32f403a_407_exint.o(i.exint_flag_get)
    i.exint_init                             0x08000c48   Section        0  at32f403a_407_exint.o(i.exint_init)
    i.exint_interrupt_enable                 0x08000ce0   Section        0  at32f403a_407_exint.o(i.exint_interrupt_enable)
    i.extract_low_24_bits                    0x08000d00   Section        0  ads131m0x.o(i.extract_low_24_bits)
    i.getRegisterValue                       0x08000d3c   Section        0  ads131m0x.o(i.getRegisterValue)
    i.getWordByteLength                      0x08000d88   Section        0  ads131m0x.o(i.getWordByteLength)
    i.gpio_bits_reset                        0x08000da0   Section        0  at32f403a_407_gpio.o(i.gpio_bits_reset)
    i.gpio_bits_write                        0x08000da4   Section        0  at32f403a_407_gpio.o(i.gpio_bits_write)
    i.gpio_default_para_init                 0x08000dae   Section        0  at32f403a_407_gpio.o(i.gpio_default_para_init)
    i.gpio_exint_line_config                 0x08000dc4   Section        0  at32f403a_407_gpio.o(i.gpio_exint_line_config)
    i.gpio_init                              0x08000e68   Section        0  at32f403a_407_gpio.o(i.gpio_init)
    i.gpio_pin_remap_config                  0x08000f10   Section        0  at32f403a_407_gpio.o(i.gpio_pin_remap_config)
    i.lowerByte                              0x08000f5c   Section        0  ads131m0x.o(i.lowerByte)
    i.main                                   0x08000f64   Section        0  main.o(i.main)
    i.nvic_irq_disable                       0x080011d8   Section        0  at32f403a_407_misc.o(i.nvic_irq_disable)
    i.nvic_irq_enable                        0x08001204   Section        0  at32f403a_407_misc.o(i.nvic_irq_enable)
    i.nvic_priority_group_config             0x080012cc   Section        0  at32f403a_407_misc.o(i.nvic_priority_group_config)
    i.readData                               0x080012f4   Section        0  ads131m0x.o(i.readData)
    i.readSingleRegister                     0x080013d0   Section        0  ads131m0x.o(i.readSingleRegister)
    i.read_response                          0x08001450   Section        0  da16600.o(i.read_response)
    i.restoreRegisterDefaults                0x08001540   Section        0  ads131m0x.o(i.restoreRegisterDefaults)
    i.sendCommand                            0x080015b8   Section        0  ads131m0x.o(i.sendCommand)
    i.send_data                              0x08001718   Section        0  da16600.o(i.send_data)
    i.spiSendReceiveArrays                   0x08001794   Section        0  ads131m0x_function.o(i.spiSendReceiveArrays)
    i.spiSendReceiveByte                     0x0800180c   Section        0  ads131m0x_function.o(i.spiSendReceiveByte)
    i.spi_default_para_init                  0x08001844   Section        0  at32f403a_407_spi.o(i.spi_default_para_init)
    i.spi_enable                             0x0800185a   Section        0  at32f403a_407_spi.o(i.spi_enable)
    i.spi_hardware_cs_output_enable          0x08001864   Section        0  at32f403a_407_spi.o(i.spi_hardware_cs_output_enable)
    i.spi_i2s_data_receive                   0x0800186e   Section        0  at32f403a_407_spi.o(i.spi_i2s_data_receive)
    i.spi_i2s_data_transmit                  0x08001876   Section        0  at32f403a_407_spi.o(i.spi_i2s_data_transmit)
    i.spi_i2s_flag_get                       0x0800187a   Section        0  at32f403a_407_spi.o(i.spi_i2s_flag_get)
    i.spi_init                               0x0800188a   Section        0  at32f403a_407_spi.o(i.spi_init)
    i.system_core_clock_update               0x080019b0   Section        0  system_at32f403a_407.o(i.system_core_clock_update)
    i.systick_clock_source_config            0x08001aa8   Section        0  at32f403a_407_misc.o(i.systick_clock_source_config)
    i.tmr_base_init                          0x08001ad0   Section        0  at32f403a_407_tmr.o(i.tmr_base_init)
    i.tmr_channel_value_set                  0x08001ae0   Section        0  at32f403a_407_tmr.o(i.tmr_channel_value_set)
    i.tmr_clock_source_div_set               0x08001b08   Section        0  at32f403a_407_tmr.o(i.tmr_clock_source_div_set)
    i.tmr_cnt_dir_set                        0x08001b12   Section        0  at32f403a_407_tmr.o(i.tmr_cnt_dir_set)
    i.tmr_counter_enable                     0x08001b1c   Section        0  at32f403a_407_tmr.o(i.tmr_counter_enable)
    i.tmr_output_channel_buffer_enable       0x08001b26   Section        0  at32f403a_407_tmr.o(i.tmr_output_channel_buffer_enable)
    i.tmr_output_channel_config              0x08001b68   Section        0  at32f403a_407_tmr.o(i.tmr_output_channel_config)
    i.tmr_output_channel_immediately_set     0x08001d08   Section        0  at32f403a_407_tmr.o(i.tmr_output_channel_immediately_set)
    i.tmr_period_buffer_enable               0x08001d4a   Section        0  at32f403a_407_tmr.o(i.tmr_period_buffer_enable)
    i.tmr_primary_mode_select                0x08001d54   Section        0  at32f403a_407_tmr.o(i.tmr_primary_mode_select)
    i.tmr_sub_sync_mode_set                  0x08001d5e   Section        0  at32f403a_407_tmr.o(i.tmr_sub_sync_mode_set)
    i.toggleRESET                            0x08001d68   Section        0  ads131m0x_function.o(i.toggleRESET)
    i.upperByte                              0x08001da0   Section        0  ads131m0x.o(i.upperByte)
    i.waitForDRDYinterrupt                   0x08001da8   Section        0  ads131m0x_function.o(i.waitForDRDYinterrupt)
    i.wk_debug_config                        0x08001de4   Section        0  at32f403a_407_wk_config.o(i.wk_debug_config)
    i.wk_exint_config                        0x08001df4   Section        0  at32f403a_407_wk_config.o(i.wk_exint_config)
    i.wk_gpio_config                         0x08001e94   Section        0  at32f403a_407_wk_config.o(i.wk_gpio_config)
    i.wk_nvic_config                         0x08001ed4   Section        0  at32f403a_407_wk_config.o(i.wk_nvic_config)
    i.wk_periph_clock_config                 0x08001ef4   Section        0  at32f403a_407_wk_config.o(i.wk_periph_clock_config)
    i.wk_spi1_init                           0x08001f38   Section        0  at32f403a_407_wk_config.o(i.wk_spi1_init)
    i.wk_spi2_init                           0x0800201c   Section        0  at32f403a_407_wk_config.o(i.wk_spi2_init)
    i.wk_system_clock_config                 0x08002104   Section        0  at32f403a_407_wk_config.o(i.wk_system_clock_config)
    i.wk_tmr2_init                           0x08002188   Section        0  at32f403a_407_wk_config.o(i.wk_tmr2_init)
    i.writeSingleRegister                    0x08002248   Section        0  ads131m0x.o(i.writeSingleRegister)
    x$fpl$fpinit                             0x080022dc   Section       10  fpinit.o(x$fpl$fpinit)
    $v0                                      0x080022dc   Number         0  fpinit.o(x$fpl$fpinit)
    .constdata                               0x080022e6   Section        4  ads131m0x.o(.constdata)
    wlength_byte_values                      0x080022e6   Data           4  ads131m0x.o(.constdata)
    .constdata                               0x080022ea   Section       16  system_at32f403a_407.o(.constdata)
    sys_ahb_div_table                        0x080022ea   Data          16  system_at32f403a_407.o(.constdata)
    .data                                    0x20000000   Section      986  main.o(.data)
    .data                                    0x200003dc   Section        4  ads131m0x.o(.data)
    .data                                    0x200003e0   Section        9  ads131m0x_function.o(.data)
    fac_us                                   0x200003e0   Data           4  ads131m0x_function.o(.data)
    fac_ms                                   0x200003e4   Data           4  ads131m0x_function.o(.data)
    .data                                    0x200003ea   Section        5  da16600.o(.data)
    .data                                    0x200003f0   Section        4  system_at32f403a_407.o(.data)
    .bss                                     0x200003f4   Section       20  main.o(.bss)
    .bss                                     0x20000408   Section     1088  ads131m0x.o(.bss)
    registerMap                              0x20000408   Data         128  ads131m0x.o(.bss)
    .bss                                     0x20000848   Section      300  da16600.o(.bss)
    .bss                                     0x20000974   Section       96  libspace.o(.bss)
    HEAP                                     0x200009d8   Section      512  startup_at32f403a_407.o(HEAP)
    Heap_Mem                                 0x200009d8   Data         512  startup_at32f403a_407.o(HEAP)
    STACK                                    0x20000bd8   Section     1024  startup_at32f403a_407.o(STACK)
    Stack_Mem                                0x20000bd8   Data        1024  startup_at32f403a_407.o(STACK)
    __initial_sp                             0x20000fd8   Data           0  startup_at32f403a_407.o(STACK)

    Global Symbols

    Symbol Name                              Value     Ov Type        Size  Object(Section)

    BuildAttributes$$THM_ISAv4$E$P$D$K$B$S$7EM$VFPi3$EXTD16$VFPS$VFMA$PE$A:L22UL41UL21$X:L11$S22US41US21$IEEE1$IW$USESV6$~STKCKD$USESV7$~SHL$OSPACE$ROPI$EBA8$UX$STANDARDLIB$REQ8$PRES8$EABIv2 0x00000000   Number         0  anon$$obj.o ABSOLUTE
    __ARM_use_no_argv                        0x00000000   Number         0  main.o ABSOLUTE
    __ARM_exceptions_init                     - Undefined Weak Reference
    __alloca_initialize                       - Undefined Weak Reference
    __arm_preinit_                            - Undefined Weak Reference
    __cpp_initialize__aeabi_                  - Undefined Weak Reference
    __cxa_finalize                            - Undefined Weak Reference
    __rt_locale                               - Undefined Weak Reference
    __sigvec_lookup                           - Undefined Weak Reference
    _atexit_init                              - Undefined Weak Reference
    _call_atexit_fns                          - Undefined Weak Reference
    _clock_init                               - Undefined Weak Reference
    _fp_trap_init                             - Undefined Weak Reference
    _fp_trap_shutdown                         - Undefined Weak Reference
    _get_lc_collate                           - Undefined Weak Reference
    _get_lc_ctype                             - Undefined Weak Reference
    _get_lc_monetary                          - Undefined Weak Reference
    _get_lc_numeric                           - Undefined Weak Reference
    _get_lc_time                              - Undefined Weak Reference
    _getenv_init                              - Undefined Weak Reference
    _handle_redirection                       - Undefined Weak Reference
    _init_alloc                               - Undefined Weak Reference
    _init_user_alloc                          - Undefined Weak Reference
    _initio                                   - Undefined Weak Reference
    _rand_init                                - Undefined Weak Reference
    _signal_finish                            - Undefined Weak Reference
    _signal_init                              - Undefined Weak Reference
    _terminate_alloc                          - Undefined Weak Reference
    _terminate_user_alloc                     - Undefined Weak Reference
    _terminateio                              - Undefined Weak Reference
    __Vectors_Size                           0x00000184   Number         0  startup_at32f403a_407.o ABSOLUTE
    __Vectors                                0x08000000   Data           4  startup_at32f403a_407.o(RESET)
    __Vectors_End                            0x08000184   Data           0  startup_at32f403a_407.o(RESET)
    __main                                   0x08000185   Thumb Code     8  __main.o(!!!main)
    __scatterload                            0x0800018d   Thumb Code     0  __scatter.o(!!!scatter)
    __scatterload_rt2                        0x0800018d   Thumb Code    44  __scatter.o(!!!scatter)
    __scatterload_rt2_thumb_only             0x0800018d   Thumb Code     0  __scatter.o(!!!scatter)
    __scatterload_null                       0x0800019b   Thumb Code     0  __scatter.o(!!!scatter)
    __decompress                             0x080001c1   Thumb Code    58  __dczerorl.o(!!dczerorl)
    __decompress0                            0x080001c1   Thumb Code     0  __dczerorl.o(!!dczerorl)
    __scatterload_zeroinit                   0x080001fd   Thumb Code    28  __scatter_zi.o(!!handler_zi)
    __rt_lib_init                            0x08000219   Thumb Code     0  libinit.o(.ARM.Collect$$libinit$$00000000)
    __rt_lib_init_fp_1                       0x0800021b   Thumb Code     0  libinit2.o(.ARM.Collect$$libinit$$00000001)
    __rt_lib_init_alloca_1                   0x0800021f   Thumb Code     0  libinit2.o(.ARM.Collect$$libinit$$0000002E)
    __rt_lib_init_argv_1                     0x0800021f   Thumb Code     0  libinit2.o(.ARM.Collect$$libinit$$0000002C)
    __rt_lib_init_atexit_1                   0x0800021f   Thumb Code     0  libinit2.o(.ARM.Collect$$libinit$$0000001B)
    __rt_lib_init_clock_1                    0x0800021f   Thumb Code     0  libinit2.o(.ARM.Collect$$libinit$$00000021)
    __rt_lib_init_cpp_1                      0x0800021f   Thumb Code     0  libinit2.o(.ARM.Collect$$libinit$$00000032)
    __rt_lib_init_exceptions_1               0x0800021f   Thumb Code     0  libinit2.o(.ARM.Collect$$libinit$$00000030)
    __rt_lib_init_fp_trap_1                  0x0800021f   Thumb Code     0  libinit2.o(.ARM.Collect$$libinit$$0000001F)
    __rt_lib_init_getenv_1                   0x0800021f   Thumb Code     0  libinit2.o(.ARM.Collect$$libinit$$00000023)
    __rt_lib_init_heap_1                     0x0800021f   Thumb Code     0  libinit2.o(.ARM.Collect$$libinit$$0000000A)
    __rt_lib_init_lc_collate_1               0x0800021f   Thumb Code     0  libinit2.o(.ARM.Collect$$libinit$$00000011)
    __rt_lib_init_lc_ctype_1                 0x0800021f   Thumb Code     0  libinit2.o(.ARM.Collect$$libinit$$00000013)
    __rt_lib_init_lc_monetary_1              0x0800021f   Thumb Code     0  libinit2.o(.ARM.Collect$$libinit$$00000015)
    __rt_lib_init_lc_numeric_1               0x0800021f   Thumb Code     0  libinit2.o(.ARM.Collect$$libinit$$00000017)
    __rt_lib_init_lc_time_1                  0x0800021f   Thumb Code     0  libinit2.o(.ARM.Collect$$libinit$$00000019)
    __rt_lib_init_preinit_1                  0x0800021f   Thumb Code     0  libinit2.o(.ARM.Collect$$libinit$$00000004)
    __rt_lib_init_rand_1                     0x0800021f   Thumb Code     0  libinit2.o(.ARM.Collect$$libinit$$0000000E)
    __rt_lib_init_return                     0x0800021f   Thumb Code     0  libinit2.o(.ARM.Collect$$libinit$$00000033)
    __rt_lib_init_signal_1                   0x0800021f   Thumb Code     0  libinit2.o(.ARM.Collect$$libinit$$0000001D)
    __rt_lib_init_stdio_1                    0x0800021f   Thumb Code     0  libinit2.o(.ARM.Collect$$libinit$$00000025)
    __rt_lib_init_user_alloc_1               0x0800021f   Thumb Code     0  libinit2.o(.ARM.Collect$$libinit$$0000000C)
    __rt_lib_shutdown                        0x08000221   Thumb Code     0  libshutdown.o(.ARM.Collect$$libshutdown$$00000000)
    __rt_lib_shutdown_cpp_1                  0x08000223   Thumb Code     0  libshutdown2.o(.ARM.Collect$$libshutdown$$00000002)
    __rt_lib_shutdown_fp_trap_1              0x08000223   Thumb Code     0  libshutdown2.o(.ARM.Collect$$libshutdown$$00000007)
    __rt_lib_shutdown_heap_1                 0x08000223   Thumb Code     0  libshutdown2.o(.ARM.Collect$$libshutdown$$0000000F)
    __rt_lib_shutdown_return                 0x08000223   Thumb Code     0  libshutdown2.o(.ARM.Collect$$libshutdown$$00000010)
    __rt_lib_shutdown_signal_1               0x08000223   Thumb Code     0  libshutdown2.o(.ARM.Collect$$libshutdown$$0000000A)
    __rt_lib_shutdown_stdio_1                0x08000223   Thumb Code     0  libshutdown2.o(.ARM.Collect$$libshutdown$$00000004)
    __rt_lib_shutdown_user_alloc_1           0x08000223   Thumb Code     0  libshutdown2.o(.ARM.Collect$$libshutdown$$0000000C)
    __rt_entry                               0x08000225   Thumb Code     0  __rtentry.o(.ARM.Collect$$rtentry$$00000000)
    __rt_entry_presh_1                       0x08000225   Thumb Code     0  __rtentry2.o(.ARM.Collect$$rtentry$$00000002)
    __rt_entry_sh                            0x08000225   Thumb Code     0  __rtentry4.o(.ARM.Collect$$rtentry$$00000004)
    __rt_entry_li                            0x0800022b   Thumb Code     0  __rtentry2.o(.ARM.Collect$$rtentry$$0000000A)
    __rt_entry_postsh_1                      0x0800022b   Thumb Code     0  __rtentry2.o(.ARM.Collect$$rtentry$$00000009)
    __rt_entry_main                          0x0800022f   Thumb Code     0  __rtentry2.o(.ARM.Collect$$rtentry$$0000000D)
    __rt_entry_postli_1                      0x0800022f   Thumb Code     0  __rtentry2.o(.ARM.Collect$$rtentry$$0000000C)
    __rt_exit                                0x08000237   Thumb Code     0  rtexit.o(.ARM.Collect$$rtexit$$00000000)
    __rt_exit_ls                             0x08000239   Thumb Code     0  rtexit2.o(.ARM.Collect$$rtexit$$00000003)
    __rt_exit_prels_1                        0x08000239   Thumb Code     0  rtexit2.o(.ARM.Collect$$rtexit$$00000002)
    __rt_exit_exit                           0x0800023d   Thumb Code     0  rtexit2.o(.ARM.Collect$$rtexit$$00000004)
    Reset_Handler                            0x08000245   Thumb Code     8  startup_at32f403a_407.o(.text)
    SysTick_Handler                          0x0800025d   Thumb Code     2  startup_at32f403a_407.o(.text)
    ACC_IRQHandler                           0x0800025f   Thumb Code     0  startup_at32f403a_407.o(.text)
    ADC1_2_IRQHandler                        0x0800025f   Thumb Code     0  startup_at32f403a_407.o(.text)
    ADC3_IRQHandler                          0x0800025f   Thumb Code     0  startup_at32f403a_407.o(.text)
    CAN1_RX1_IRQHandler                      0x0800025f   Thumb Code     0  startup_at32f403a_407.o(.text)
    CAN1_SE_IRQHandler                       0x0800025f   Thumb Code     0  startup_at32f403a_407.o(.text)
    CAN2_RX0_IRQHandler                      0x0800025f   Thumb Code     0  startup_at32f403a_407.o(.text)
    CAN2_RX1_IRQHandler                      0x0800025f   Thumb Code     0  startup_at32f403a_407.o(.text)
    CAN2_SE_IRQHandler                       0x0800025f   Thumb Code     0  startup_at32f403a_407.o(.text)
    CAN2_TX_IRQHandler                       0x0800025f   Thumb Code     0  startup_at32f403a_407.o(.text)
    CRM_IRQHandler                           0x0800025f   Thumb Code     0  startup_at32f403a_407.o(.text)
    DMA1_Channel1_IRQHandler                 0x0800025f   Thumb Code     0  startup_at32f403a_407.o(.text)
    DMA1_Channel2_IRQHandler                 0x0800025f   Thumb Code     0  startup_at32f403a_407.o(.text)
    DMA1_Channel3_IRQHandler                 0x0800025f   Thumb Code     0  startup_at32f403a_407.o(.text)
    DMA1_Channel4_IRQHandler                 0x0800025f   Thumb Code     0  startup_at32f403a_407.o(.text)
    DMA1_Channel5_IRQHandler                 0x0800025f   Thumb Code     0  startup_at32f403a_407.o(.text)
    DMA1_Channel6_IRQHandler                 0x0800025f   Thumb Code     0  startup_at32f403a_407.o(.text)
    DMA1_Channel7_IRQHandler                 0x0800025f   Thumb Code     0  startup_at32f403a_407.o(.text)
    DMA2_Channel1_IRQHandler                 0x0800025f   Thumb Code     0  startup_at32f403a_407.o(.text)
    DMA2_Channel2_IRQHandler                 0x0800025f   Thumb Code     0  startup_at32f403a_407.o(.text)
    DMA2_Channel3_IRQHandler                 0x0800025f   Thumb Code     0  startup_at32f403a_407.o(.text)
    DMA2_Channel4_5_IRQHandler               0x0800025f   Thumb Code     0  startup_at32f403a_407.o(.text)
    DMA2_Channel6_7_IRQHandler               0x0800025f   Thumb Code     0  startup_at32f403a_407.o(.text)
    EMAC_IRQHandler                          0x0800025f   Thumb Code     0  startup_at32f403a_407.o(.text)
    EMAC_WKUP_IRQHandler                     0x0800025f   Thumb Code     0  startup_at32f403a_407.o(.text)
    EXINT1_IRQHandler                        0x0800025f   Thumb Code     0  startup_at32f403a_407.o(.text)
    EXINT2_IRQHandler                        0x0800025f   Thumb Code     0  startup_at32f403a_407.o(.text)
    EXINT3_IRQHandler                        0x0800025f   Thumb Code     0  startup_at32f403a_407.o(.text)
    EXINT4_IRQHandler                        0x0800025f   Thumb Code     0  startup_at32f403a_407.o(.text)
    EXINT9_5_IRQHandler                      0x0800025f   Thumb Code     0  startup_at32f403a_407.o(.text)
    FLASH_IRQHandler                         0x0800025f   Thumb Code     0  startup_at32f403a_407.o(.text)
    I2C1_ERR_IRQHandler                      0x0800025f   Thumb Code     0  startup_at32f403a_407.o(.text)
    I2C1_EVT_IRQHandler                      0x0800025f   Thumb Code     0  startup_at32f403a_407.o(.text)
    I2C2_ERR_IRQHandler                      0x0800025f   Thumb Code     0  startup_at32f403a_407.o(.text)
    I2C2_EVT_IRQHandler                      0x0800025f   Thumb Code     0  startup_at32f403a_407.o(.text)
    I2C3_ERR_IRQHandler                      0x0800025f   Thumb Code     0  startup_at32f403a_407.o(.text)
    I2C3_EVT_IRQHandler                      0x0800025f   Thumb Code     0  startup_at32f403a_407.o(.text)
    PVM_IRQHandler                           0x0800025f   Thumb Code     0  startup_at32f403a_407.o(.text)
    RTCAlarm_IRQHandler                      0x0800025f   Thumb Code     0  startup_at32f403a_407.o(.text)
    RTC_IRQHandler                           0x0800025f   Thumb Code     0  startup_at32f403a_407.o(.text)
    SDIO1_IRQHandler                         0x0800025f   Thumb Code     0  startup_at32f403a_407.o(.text)
    SDIO2_IRQHandler                         0x0800025f   Thumb Code     0  startup_at32f403a_407.o(.text)
    SPI1_IRQHandler                          0x0800025f   Thumb Code     0  startup_at32f403a_407.o(.text)
    SPI2_I2S2EXT_IRQHandler                  0x0800025f   Thumb Code     0  startup_at32f403a_407.o(.text)
    SPI3_I2S3EXT_IRQHandler                  0x0800025f   Thumb Code     0  startup_at32f403a_407.o(.text)
    SPI4_IRQHandler                          0x0800025f   Thumb Code     0  startup_at32f403a_407.o(.text)
    TAMPER_IRQHandler                        0x0800025f   Thumb Code     0  startup_at32f403a_407.o(.text)
    TMR1_BRK_TMR9_IRQHandler                 0x0800025f   Thumb Code     0  startup_at32f403a_407.o(.text)
    TMR1_CH_IRQHandler                       0x0800025f   Thumb Code     0  startup_at32f403a_407.o(.text)
    TMR1_OVF_TMR10_IRQHandler                0x0800025f   Thumb Code     0  startup_at32f403a_407.o(.text)
    TMR1_TRG_HALL_TMR11_IRQHandler           0x0800025f   Thumb Code     0  startup_at32f403a_407.o(.text)
    TMR2_GLOBAL_IRQHandler                   0x0800025f   Thumb Code     0  startup_at32f403a_407.o(.text)
    TMR3_GLOBAL_IRQHandler                   0x0800025f   Thumb Code     0  startup_at32f403a_407.o(.text)
    TMR4_GLOBAL_IRQHandler                   0x0800025f   Thumb Code     0  startup_at32f403a_407.o(.text)
    TMR5_GLOBAL_IRQHandler                   0x0800025f   Thumb Code     0  startup_at32f403a_407.o(.text)
    TMR6_GLOBAL_IRQHandler                   0x0800025f   Thumb Code     0  startup_at32f403a_407.o(.text)
    TMR7_GLOBAL_IRQHandler                   0x0800025f   Thumb Code     0  startup_at32f403a_407.o(.text)
    TMR8_BRK_TMR12_IRQHandler                0x0800025f   Thumb Code     0  startup_at32f403a_407.o(.text)
    TMR8_CH_IRQHandler                       0x0800025f   Thumb Code     0  startup_at32f403a_407.o(.text)
    TMR8_OVF_TMR13_IRQHandler                0x0800025f   Thumb Code     0  startup_at32f403a_407.o(.text)
    TMR8_TRG_HALL_TMR14_IRQHandler           0x0800025f   Thumb Code     0  startup_at32f403a_407.o(.text)
    UART4_IRQHandler                         0x0800025f   Thumb Code     0  startup_at32f403a_407.o(.text)
    UART5_IRQHandler                         0x0800025f   Thumb Code     0  startup_at32f403a_407.o(.text)
    UART7_IRQHandler                         0x0800025f   Thumb Code     0  startup_at32f403a_407.o(.text)
    UART8_IRQHandler                         0x0800025f   Thumb Code     0  startup_at32f403a_407.o(.text)
    USART1_IRQHandler                        0x0800025f   Thumb Code     0  startup_at32f403a_407.o(.text)
    USART2_IRQHandler                        0x0800025f   Thumb Code     0  startup_at32f403a_407.o(.text)
    USART3_IRQHandler                        0x0800025f   Thumb Code     0  startup_at32f403a_407.o(.text)
    USART6_IRQHandler                        0x0800025f   Thumb Code     0  startup_at32f403a_407.o(.text)
    USBFSWakeUp_IRQHandler                   0x0800025f   Thumb Code     0  startup_at32f403a_407.o(.text)
    USBFS_H_CAN1_TX_IRQHandler               0x0800025f   Thumb Code     0  startup_at32f403a_407.o(.text)
    USBFS_L_CAN1_RX0_IRQHandler              0x0800025f   Thumb Code     0  startup_at32f403a_407.o(.text)
    USBFS_MAPH_IRQHandler                    0x0800025f   Thumb Code     0  startup_at32f403a_407.o(.text)
    USBFS_MAPL_IRQHandler                    0x0800025f   Thumb Code     0  startup_at32f403a_407.o(.text)
    WWDT_IRQHandler                          0x0800025f   Thumb Code     0  startup_at32f403a_407.o(.text)
    XMC_IRQHandler                           0x0800025f   Thumb Code     0  startup_at32f403a_407.o(.text)
    __user_initial_stackheap                 0x08000261   Thumb Code     0  startup_at32f403a_407.o(.text)
    __aeabi_assert                           0x08000285   Thumb Code    86  assert.o(.text)
    __assert                                 0x08000285   Thumb Code     0  assert.o(.text)
    strlen                                   0x08000305   Thumb Code    62  strlen.o(.text)
    strncmp                                  0x08000343   Thumb Code   150  strncmp.o(.text)
    __aeabi_memcpy                           0x080003d9   Thumb Code     0  rt_memcpy_v6.o(.text)
    __rt_memcpy                              0x080003d9   Thumb Code   138  rt_memcpy_v6.o(.text)
    _memcpy_lastbytes                        0x0800043f   Thumb Code     0  rt_memcpy_v6.o(.text)
    __use_two_region_memory                  0x08000463   Thumb Code     2  heapauxi.o(.text)
    __rt_heap_escrow$2region                 0x08000465   Thumb Code     2  heapauxi.o(.text)
    __rt_heap_expand$2region                 0x08000467   Thumb Code     2  heapauxi.o(.text)
    abort                                    0x08000469   Thumb Code    22  abort.o(.text)
    __assert_puts                            0x0800047f   Thumb Code    20  assert_puts.o(.text)
    __aeabi_memcpy4                          0x08000493   Thumb Code     0  rt_memcpy_w.o(.text)
    __aeabi_memcpy8                          0x08000493   Thumb Code     0  rt_memcpy_w.o(.text)
    __rt_memcpy_w                            0x08000493   Thumb Code   100  rt_memcpy_w.o(.text)
    _memcpy_lastbytes_aligned                0x080004db   Thumb Code     0  rt_memcpy_w.o(.text)
    _ttywrch                                 0x080004f7   Thumb Code    14  sys_wrch.o(.text)
    _sys_exit                                0x08000505   Thumb Code     8  sys_exit.o(.text)
    __rt_SIGABRT                             0x08000511   Thumb Code    14  defsig_abrt_outer.o(.text)
    __I$use$semihosting                      0x0800051f   Thumb Code     0  use_no_semi.o(.text)
    __use_no_semihosting_swi                 0x0800051f   Thumb Code     2  use_no_semi.o(.text)
    __semihosting_library_function           0x08000521   Thumb Code     0  indicate_semi.o(.text)
    __user_setup_stackheap                   0x08000521   Thumb Code    74  sys_stackheap_outer.o(.text)
    exit                                     0x0800056b   Thumb Code    18  exit.o(.text)
    __sig_exit                               0x0800057d   Thumb Code    10  defsig_exit.o(.text)
    __rt_SIGABRT_inner                       0x08000589   Thumb Code    14  defsig_abrt_inner.o(.text)
    __user_libspace                          0x080005b9   Thumb Code     8  libspace.o(.text)
    __user_perproc_libspace                  0x080005b9   Thumb Code     0  libspace.o(.text)
    __user_perthread_libspace                0x080005b9   Thumb Code     0  libspace.o(.text)
    __default_signal_display                 0x080005c1   Thumb Code    50  defsig_general.o(.text)
    BusFault_Handler                         0x080005f3   Thumb Code     4  at32f403a_407_int.o(i.BusFault_Handler)
    DebugMon_Handler                         0x080005f7   Thumb Code     2  at32f403a_407_int.o(i.DebugMon_Handler)
    EXINT0_IRQHandler                        0x080005f9   Thumb Code    22  at32f403a_407_int.o(i.EXINT0_IRQHandler)
    EXINT15_10_IRQHandler                    0x08000615   Thumb Code    54  at32f403a_407_int.o(i.EXINT15_10_IRQHandler)
    HardFault_Handler                        0x08000655   Thumb Code     4  at32f403a_407_int.o(i.HardFault_Handler)
    MemManage_Handler                        0x08000659   Thumb Code     4  at32f403a_407_int.o(i.MemManage_Handler)
    NMI_Handler                              0x0800065d   Thumb Code     2  at32f403a_407_int.o(i.NMI_Handler)
    PendSV_Handler                           0x0800065f   Thumb Code     2  at32f403a_407_int.o(i.PendSV_Handler)
    ReadData                                 0x08000661   Thumb Code   104  da16600.o(i.ReadData)
    SPI_Write                                0x080006d5   Thumb Code    74  da16600.o(i.SPI_Write)
    SVC_Handler                              0x08000729   Thumb Code     2  at32f403a_407_int.o(i.SVC_Handler)
    SystemInit                               0x0800072d   Thumb Code   100  system_at32f403a_407.o(i.SystemInit)
    UsageFault_Handler                       0x0800079d   Thumb Code     4  at32f403a_407_int.o(i.UsageFault_Handler)
    Write_Request                            0x080007a1   Thumb Code   118  da16600.o(i.Write_Request)
    adcStartup                               0x08000819   Thumb Code    56  ads131m0x.o(i.adcStartup)
    buildSPIarray                            0x08000855   Thumb Code    90  ads131m0x.o(i.buildSPIarray)
    combineBytes                             0x080008af   Thumb Code     8  ads131m0x.o(i.combineBytes)
    crm_ahb_div_set                          0x080008b9   Thumb Code    14  at32f403a_407_crm.o(i.crm_ahb_div_set)
    crm_apb1_div_set                         0x080008cd   Thumb Code    14  at32f403a_407_crm.o(i.crm_apb1_div_set)
    crm_apb2_div_set                         0x080008e1   Thumb Code    14  at32f403a_407_crm.o(i.crm_apb2_div_set)
    crm_auto_step_mode_enable                0x080008f5   Thumb Code    34  at32f403a_407_crm.o(i.crm_auto_step_mode_enable)
    crm_clock_source_enable                  0x0800091d   Thumb Code    90  at32f403a_407_crm.o(i.crm_clock_source_enable)
    crm_flag_get                             0x0800097d   Thumb Code    42  at32f403a_407_crm.o(i.crm_flag_get)
    crm_periph_clock_enable                  0x080009ad   Thumb Code    62  at32f403a_407_crm.o(i.crm_periph_clock_enable)
    crm_pll_config                           0x080009f1   Thumb Code   118  at32f403a_407_crm.o(i.crm_pll_config)
    crm_reset                                0x08000a6d   Thumb Code    80  at32f403a_407_crm.o(i.crm_reset)
    crm_sysclk_switch                        0x08000ac5   Thumb Code    14  at32f403a_407_crm.o(i.crm_sysclk_switch)
    crm_sysclk_switch_status_get             0x08000ad9   Thumb Code    10  at32f403a_407_crm.o(i.crm_sysclk_switch_status_get)
    delay_init                               0x08000ae9   Thumb Code    38  ads131m0x_function.o(i.delay_init)
    delay_ms                                 0x08000b21   Thumb Code   110  ads131m0x_function.o(i.delay_ms)
    delay_us                                 0x08000b95   Thumb Code    74  ads131m0x_function.o(i.delay_us)
    enforce_selected_device_modes            0x08000be5   Thumb Code    24  ads131m0x.o(i.enforce_selected_device_modes)
    exint_default_para_init                  0x08000bfd   Thumb Code    14  at32f403a_407_exint.o(i.exint_default_para_init)
    exint_flag_clear                         0x08000c0d   Thumb Code    28  at32f403a_407_exint.o(i.exint_flag_clear)
    exint_flag_get                           0x08000c2d   Thumb Code    24  at32f403a_407_exint.o(i.exint_flag_get)
    exint_init                               0x08000c49   Thumb Code   148  at32f403a_407_exint.o(i.exint_init)
    exint_interrupt_enable                   0x08000ce1   Thumb Code    28  at32f403a_407_exint.o(i.exint_interrupt_enable)
    extract_low_24_bits                      0x08000d01   Thumb Code    52  ads131m0x.o(i.extract_low_24_bits)
    getRegisterValue                         0x08000d3d   Thumb Code    28  ads131m0x.o(i.getRegisterValue)
    getWordByteLength                        0x08000d89   Thumb Code    18  ads131m0x.o(i.getWordByteLength)
    gpio_bits_reset                          0x08000da1   Thumb Code     4  at32f403a_407_gpio.o(i.gpio_bits_reset)
    gpio_bits_write                          0x08000da5   Thumb Code    10  at32f403a_407_gpio.o(i.gpio_bits_write)
    gpio_default_para_init                   0x08000daf   Thumb Code    22  at32f403a_407_gpio.o(i.gpio_default_para_init)
    gpio_exint_line_config                   0x08000dc5   Thumb Code   158  at32f403a_407_gpio.o(i.gpio_exint_line_config)
    gpio_init                                0x08000e69   Thumb Code   168  at32f403a_407_gpio.o(i.gpio_init)
    gpio_pin_remap_config                    0x08000f11   Thumb Code    70  at32f403a_407_gpio.o(i.gpio_pin_remap_config)
    lowerByte                                0x08000f5d   Thumb Code     6  ads131m0x.o(i.lowerByte)
    main                                     0x08000f65   Thumb Code   476  main.o(i.main)
    nvic_irq_disable                         0x080011d9   Thumb Code    38  at32f403a_407_misc.o(i.nvic_irq_disable)
    nvic_irq_enable                          0x08001205   Thumb Code   190  at32f403a_407_misc.o(i.nvic_irq_enable)
    nvic_priority_group_config               0x080012cd   Thumb Code    32  at32f403a_407_misc.o(i.nvic_priority_group_config)
    readData                                 0x080012f5   Thumb Code   214  ads131m0x.o(i.readData)
    readSingleRegister                       0x080013d1   Thumb Code    78  ads131m0x.o(i.readSingleRegister)
    read_response                            0x08001451   Thumb Code   232  da16600.o(i.read_response)
    restoreRegisterDefaults                  0x08001541   Thumb Code   116  ads131m0x.o(i.restoreRegisterDefaults)
    sendCommand                              0x080015b9   Thumb Code   206  ads131m0x.o(i.sendCommand)
    send_data                                0x08001719   Thumb Code   124  da16600.o(i.send_data)
    spiSendReceiveArrays                     0x08001795   Thumb Code    68  ads131m0x_function.o(i.spiSendReceiveArrays)
    spiSendReceiveByte                       0x0800180d   Thumb Code    52  ads131m0x_function.o(i.spiSendReceiveByte)
    spi_default_para_init                    0x08001845   Thumb Code    22  at32f403a_407_spi.o(i.spi_default_para_init)
    spi_enable                               0x0800185b   Thumb Code    10  at32f403a_407_spi.o(i.spi_enable)
    spi_hardware_cs_output_enable            0x08001865   Thumb Code    10  at32f403a_407_spi.o(i.spi_hardware_cs_output_enable)
    spi_i2s_data_receive                     0x0800186f   Thumb Code     8  at32f403a_407_spi.o(i.spi_i2s_data_receive)
    spi_i2s_data_transmit                    0x08001877   Thumb Code     4  at32f403a_407_spi.o(i.spi_i2s_data_transmit)
    spi_i2s_flag_get                         0x0800187b   Thumb Code    16  at32f403a_407_spi.o(i.spi_i2s_flag_get)
    spi_init                                 0x0800188b   Thumb Code   292  at32f403a_407_spi.o(i.spi_init)
    system_core_clock_update                 0x080019b1   Thumb Code   222  system_at32f403a_407.o(i.system_core_clock_update)
    systick_clock_source_config              0x08001aa9   Thumb Code    40  at32f403a_407_misc.o(i.systick_clock_source_config)
    tmr_base_init                            0x08001ad1   Thumb Code    16  at32f403a_407_tmr.o(i.tmr_base_init)
    tmr_channel_value_set                    0x08001ae1   Thumb Code    40  at32f403a_407_tmr.o(i.tmr_channel_value_set)
    tmr_clock_source_div_set                 0x08001b09   Thumb Code    10  at32f403a_407_tmr.o(i.tmr_clock_source_div_set)
    tmr_cnt_dir_set                          0x08001b13   Thumb Code    10  at32f403a_407_tmr.o(i.tmr_cnt_dir_set)
    tmr_counter_enable                       0x08001b1d   Thumb Code    10  at32f403a_407_tmr.o(i.tmr_counter_enable)
    tmr_output_channel_buffer_enable         0x08001b27   Thumb Code    66  at32f403a_407_tmr.o(i.tmr_output_channel_buffer_enable)
    tmr_output_channel_config                0x08001b69   Thumb Code   416  at32f403a_407_tmr.o(i.tmr_output_channel_config)
    tmr_output_channel_immediately_set       0x08001d09   Thumb Code    66  at32f403a_407_tmr.o(i.tmr_output_channel_immediately_set)
    tmr_period_buffer_enable                 0x08001d4b   Thumb Code    10  at32f403a_407_tmr.o(i.tmr_period_buffer_enable)
    tmr_primary_mode_select                  0x08001d55   Thumb Code    10  at32f403a_407_tmr.o(i.tmr_primary_mode_select)
    tmr_sub_sync_mode_set                    0x08001d5f   Thumb Code    10  at32f403a_407_tmr.o(i.tmr_sub_sync_mode_set)
    toggleRESET                              0x08001d69   Thumb Code    50  ads131m0x_function.o(i.toggleRESET)
    upperByte                                0x08001da1   Thumb Code     6  ads131m0x.o(i.upperByte)
    waitForDRDYinterrupt                     0x08001da9   Thumb Code    56  ads131m0x_function.o(i.waitForDRDYinterrupt)
    wk_debug_config                          0x08001de5   Thumb Code    12  at32f403a_407_wk_config.o(i.wk_debug_config)
    wk_exint_config                          0x08001df5   Thumb Code   156  at32f403a_407_wk_config.o(i.wk_exint_config)
    wk_gpio_config                           0x08001e95   Thumb Code    58  at32f403a_407_wk_config.o(i.wk_gpio_config)
    wk_nvic_config                           0x08001ed5   Thumb Code    30  at32f403a_407_wk_config.o(i.wk_nvic_config)
    wk_periph_clock_config                   0x08001ef5   Thumb Code    60  at32f403a_407_wk_config.o(i.wk_periph_clock_config)
    wk_spi1_init                             0x08001f39   Thumb Code   220  at32f403a_407_wk_config.o(i.wk_spi1_init)
    wk_spi2_init                             0x0800201d   Thumb Code   222  at32f403a_407_wk_config.o(i.wk_spi2_init)
    wk_system_clock_config                   0x08002105   Thumb Code   128  at32f403a_407_wk_config.o(i.wk_system_clock_config)
    wk_tmr2_init                             0x08002189   Thumb Code   188  at32f403a_407_wk_config.o(i.wk_tmr2_init)
    writeSingleRegister                      0x08002249   Thumb Code   100  ads131m0x.o(i.writeSingleRegister)
    _fp_init                                 0x080022dd   Thumb Code    10  fpinit.o(x$fpl$fpinit)
    __fplib_config_fpu_vfp                   0x080022e5   Thumb Code     0  fpinit.o(x$fpl$fpinit)
    __fplib_config_pureend_doubles           0x080022e5   Thumb Code     0  fpinit.o(x$fpl$fpinit)
    Region$$Table$$Base                      0x080022fc   Number         0  anon$$obj.o(Region$$Table)
    Region$$Table$$Limit                     0x0800231c   Number         0  anon$$obj.o(Region$$Table)
    init_flag                                0x20000000   Data           1  main.o(.data)
    wait_cmd_flag                            0x20000001   Data           1  main.o(.data)
    wait_connect_flag                        0x20000002   Data           1  main.o(.data)
    wakeup_flag                              0x20000003   Data           1  main.o(.data)
    reset_flag                               0x20000004   Data           1  main.o(.data)
    buffer                                   0x20000005   Data         980  main.o(.data)
    check_cnt                                0x200003d9   Data           1  main.o(.data)
    adc_data_cnt                             0x200003dc   Data           4  ads131m0x.o(.data)
    flag_nDRDY_INTERRUPT                     0x200003e8   Data           1  ads131m0x_function.o(.data)
    int_cnt                                  0x200003ea   Data           1  da16600.o(.data)
    lenth                                    0x200003ec   Data           2  da16600.o(.data)
    int_flag                                 0x200003ee   Data           1  da16600.o(.data)
    system_core_clock                        0x200003f0   Data           4  system_at32f403a_407.o(.data)
    adc_data                                 0x200003f4   Data          20  main.o(.bss)
    adc_tx_data                              0x20000488   Data         960  ads131m0x.o(.bss)
    process_data                             0x20000848   Data         100  da16600.o(.bss)
    re_data                                  0x200008ac   Data         100  da16600.o(.bss)
    check                                    0x20000910   Data         100  da16600.o(.bss)
    __libspace_start                         0x20000974   Data          96  libspace.o(.bss)
    __temporary_stack_top$libspace           0x200009d4   Data           0  libspace.o(.bss)



==============================================================================

Memory Map of the image

  Image Entry point : 0x08000185

  Load Region LR_IROM1 (Base: 0x08000000, Size: 0x00002710, Max: 0x00100000, ABSOLUTE, COMPRESSED[0x00002334])

    Execution Region ER_IROM1 (Base: 0x08000000, Size: 0x0000231c, Max: 0x00100000, ABSOLUTE)

    Base Addr    Size         Type   Attr      Idx    E Section Name        Object

    0x08000000   0x00000184   Data   RO         1933    RESET               startup_at32f403a_407.o
    0x08000184   0x00000008   Code   RO         1987  * !!!main             c_w.l(__main.o)
    0x0800018c   0x00000034   Code   RO         2156    !!!scatter          c_w.l(__scatter.o)
    0x080001c0   0x0000003a   Code   RO         2154    !!dczerorl          c_w.l(__dczerorl.o)
    0x080001fa   0x00000002   PAD
    0x080001fc   0x0000001c   Code   RO         2158    !!handler_zi        c_w.l(__scatter_zi.o)
    0x08000218   0x00000002   Code   RO         2037    .ARM.Collect$$libinit$$00000000  c_w.l(libinit.o)
    0x0800021a   0x00000004   Code   RO         2047    .ARM.Collect$$libinit$$00000001  c_w.l(libinit2.o)
    0x0800021e   0x00000000   Code   RO         2050    .ARM.Collect$$libinit$$00000004  c_w.l(libinit2.o)
    0x0800021e   0x00000000   Code   RO         2053    .ARM.Collect$$libinit$$0000000A  c_w.l(libinit2.o)
    0x0800021e   0x00000000   Code   RO         2055    .ARM.Collect$$libinit$$0000000C  c_w.l(libinit2.o)
    0x0800021e   0x00000000   Code   RO         2057    .ARM.Collect$$libinit$$0000000E  c_w.l(libinit2.o)
    0x0800021e   0x00000000   Code   RO         2060    .ARM.Collect$$libinit$$00000011  c_w.l(libinit2.o)
    0x0800021e   0x00000000   Code   RO         2062    .ARM.Collect$$libinit$$00000013  c_w.l(libinit2.o)
    0x0800021e   0x00000000   Code   RO         2064    .ARM.Collect$$libinit$$00000015  c_w.l(libinit2.o)
    0x0800021e   0x00000000   Code   RO         2066    .ARM.Collect$$libinit$$00000017  c_w.l(libinit2.o)
    0x0800021e   0x00000000   Code   RO         2068    .ARM.Collect$$libinit$$00000019  c_w.l(libinit2.o)
    0x0800021e   0x00000000   Code   RO         2070    .ARM.Collect$$libinit$$0000001B  c_w.l(libinit2.o)
    0x0800021e   0x00000000   Code   RO         2072    .ARM.Collect$$libinit$$0000001D  c_w.l(libinit2.o)
    0x0800021e   0x00000000   Code   RO         2074    .ARM.Collect$$libinit$$0000001F  c_w.l(libinit2.o)
    0x0800021e   0x00000000   Code   RO         2076    .ARM.Collect$$libinit$$00000021  c_w.l(libinit2.o)
    0x0800021e   0x00000000   Code   RO         2078    .ARM.Collect$$libinit$$00000023  c_w.l(libinit2.o)
    0x0800021e   0x00000000   Code   RO         2080    .ARM.Collect$$libinit$$00000025  c_w.l(libinit2.o)
    0x0800021e   0x00000000   Code   RO         2084    .ARM.Collect$$libinit$$0000002C  c_w.l(libinit2.o)
    0x0800021e   0x00000000   Code   RO         2086    .ARM.Collect$$libinit$$0000002E  c_w.l(libinit2.o)
    0x0800021e   0x00000000   Code   RO         2088    .ARM.Collect$$libinit$$00000030  c_w.l(libinit2.o)
    0x0800021e   0x00000000   Code   RO         2090    .ARM.Collect$$libinit$$00000032  c_w.l(libinit2.o)
    0x0800021e   0x00000002   Code   RO         2091    .ARM.Collect$$libinit$$00000033  c_w.l(libinit2.o)
    0x08000220   0x00000002   Code   RO         2127    .ARM.Collect$$libshutdown$$00000000  c_w.l(libshutdown.o)
    0x08000222   0x00000000   Code   RO         2137    .ARM.Collect$$libshutdown$$00000002  c_w.l(libshutdown2.o)
    0x08000222   0x00000000   Code   RO         2139    .ARM.Collect$$libshutdown$$00000004  c_w.l(libshutdown2.o)
    0x08000222   0x00000000   Code   RO         2142    .ARM.Collect$$libshutdown$$00000007  c_w.l(libshutdown2.o)
    0x08000222   0x00000000   Code   RO         2145    .ARM.Collect$$libshutdown$$0000000A  c_w.l(libshutdown2.o)
    0x08000222   0x00000000   Code   RO         2147    .ARM.Collect$$libshutdown$$0000000C  c_w.l(libshutdown2.o)
    0x08000222   0x00000000   Code   RO         2150    .ARM.Collect$$libshutdown$$0000000F  c_w.l(libshutdown2.o)
    0x08000222   0x00000002   Code   RO         2151    .ARM.Collect$$libshutdown$$00000010  c_w.l(libshutdown2.o)
    0x08000224   0x00000000   Code   RO         1989    .ARM.Collect$$rtentry$$00000000  c_w.l(__rtentry.o)
    0x08000224   0x00000000   Code   RO         2001    .ARM.Collect$$rtentry$$00000002  c_w.l(__rtentry2.o)
    0x08000224   0x00000006   Code   RO         2013    .ARM.Collect$$rtentry$$00000004  c_w.l(__rtentry4.o)
    0x0800022a   0x00000000   Code   RO         2003    .ARM.Collect$$rtentry$$00000009  c_w.l(__rtentry2.o)
    0x0800022a   0x00000004   Code   RO         2004    .ARM.Collect$$rtentry$$0000000A  c_w.l(__rtentry2.o)
    0x0800022e   0x00000000   Code   RO         2006    .ARM.Collect$$rtentry$$0000000C  c_w.l(__rtentry2.o)
    0x0800022e   0x00000008   Code   RO         2007    .ARM.Collect$$rtentry$$0000000D  c_w.l(__rtentry2.o)
    0x08000236   0x00000002   Code   RO         2041    .ARM.Collect$$rtexit$$00000000  c_w.l(rtexit.o)
    0x08000238   0x00000000   Code   RO         2093    .ARM.Collect$$rtexit$$00000002  c_w.l(rtexit2.o)
    0x08000238   0x00000004   Code   RO         2094    .ARM.Collect$$rtexit$$00000003  c_w.l(rtexit2.o)
    0x0800023c   0x00000006   Code   RO         2095    .ARM.Collect$$rtexit$$00000004  c_w.l(rtexit2.o)
    0x08000242   0x00000002   PAD
    0x08000244   0x00000040   Code   RO         1934    .text               startup_at32f403a_407.o
    0x08000284   0x00000080   Code   RO         1977    .text               c_w.l(assert.o)
    0x08000304   0x0000003e   Code   RO         1979    .text               c_w.l(strlen.o)
    0x08000342   0x00000096   Code   RO         1981    .text               c_w.l(strncmp.o)
    0x080003d8   0x0000008a   Code   RO         1983    .text               c_w.l(rt_memcpy_v6.o)
    0x08000462   0x00000006   Code   RO         1985    .text               c_w.l(heapauxi.o)
    0x08000468   0x00000016   Code   RO         1990    .text               c_w.l(abort.o)
    0x0800047e   0x00000014   Code   RO         1992    .text               c_w.l(assert_puts.o)
    0x08000492   0x00000064   Code   RO         1994    .text               c_w.l(rt_memcpy_w.o)
    0x080004f6   0x0000000e   Code   RO         1996    .text               c_w.l(sys_wrch.o)
    0x08000504   0x0000000c   Code   RO         1998    .text               c_w.l(sys_exit.o)
    0x08000510   0x0000000e   Code   RO         2015    .text               c_w.l(defsig_abrt_outer.o)
    0x0800051e   0x00000002   Code   RO         2019    .text               c_w.l(use_no_semi.o)
    0x08000520   0x00000000   Code   RO         2021    .text               c_w.l(indicate_semi.o)
    0x08000520   0x0000004a   Code   RO         2022    .text               c_w.l(sys_stackheap_outer.o)
    0x0800056a   0x00000012   Code   RO         2026    .text               c_w.l(exit.o)
    0x0800057c   0x0000000a   Code   RO         2028    .text               c_w.l(defsig_exit.o)
    0x08000586   0x00000002   PAD
    0x08000588   0x00000030   Code   RO         2030    .text               c_w.l(defsig_abrt_inner.o)
    0x080005b8   0x00000008   Code   RO         2038    .text               c_w.l(libspace.o)
    0x080005c0   0x00000032   Code   RO         2045    .text               c_w.l(defsig_general.o)
    0x080005f2   0x00000004   Code   RO          190    i.BusFault_Handler  at32f403a_407_int.o
    0x080005f6   0x00000002   Code   RO          191    i.DebugMon_Handler  at32f403a_407_int.o
    0x080005f8   0x0000001c   Code   RO          192    i.EXINT0_IRQHandler  at32f403a_407_int.o
    0x08000614   0x00000040   Code   RO          193    i.EXINT15_10_IRQHandler  at32f403a_407_int.o
    0x08000654   0x00000004   Code   RO          194    i.HardFault_Handler  at32f403a_407_int.o
    0x08000658   0x00000004   Code   RO          195    i.MemManage_Handler  at32f403a_407_int.o
    0x0800065c   0x00000002   Code   RO          196    i.NMI_Handler       at32f403a_407_int.o
    0x0800065e   0x00000002   Code   RO          197    i.PendSV_Handler    at32f403a_407_int.o
    0x08000660   0x00000074   Code   RO          481    i.ReadData          da16600.o
    0x080006d4   0x00000054   Code   RO          483    i.SPI_Write         da16600.o
    0x08000728   0x00000002   Code   RO          198    i.SVC_Handler       at32f403a_407_int.o
    0x0800072a   0x00000002   PAD
    0x0800072c   0x00000070   Code   RO         1941    i.SystemInit        system_at32f403a_407.o
    0x0800079c   0x00000004   Code   RO          199    i.UsageFault_Handler  at32f403a_407_int.o
    0x080007a0   0x00000076   Code   RO          484    i.Write_Request     da16600.o
    0x08000816   0x00000002   PAD
    0x08000818   0x0000003c   Code   RO          271    i.adcStartup        ads131m0x.o
    0x08000854   0x0000005a   Code   RO          272    i.buildSPIarray     ads131m0x.o
    0x080008ae   0x00000008   Code   RO          274    i.combineBytes      ads131m0x.o
    0x080008b6   0x00000002   PAD
    0x080008b8   0x00000014   Code   RO          543    i.crm_ahb_div_set   at32f403a_407_crm.o
    0x080008cc   0x00000014   Code   RO          544    i.crm_apb1_div_set  at32f403a_407_crm.o
    0x080008e0   0x00000014   Code   RO          545    i.crm_apb2_div_set  at32f403a_407_crm.o
    0x080008f4   0x00000028   Code   RO          546    i.crm_auto_step_mode_enable  at32f403a_407_crm.o
    0x0800091c   0x00000060   Code   RO          552    i.crm_clock_source_enable  at32f403a_407_crm.o
    0x0800097c   0x00000030   Code   RO          555    i.crm_flag_get      at32f403a_407_crm.o
    0x080009ac   0x00000044   Code   RO          565    i.crm_periph_clock_enable  at32f403a_407_crm.o
    0x080009f0   0x0000007c   Code   RO          568    i.crm_pll_config    at32f403a_407_crm.o
    0x08000a6c   0x00000058   Code   RO          569    i.crm_reset         at32f403a_407_crm.o
    0x08000ac4   0x00000014   Code   RO          572    i.crm_sysclk_switch  at32f403a_407_crm.o
    0x08000ad8   0x00000010   Code   RO          573    i.crm_sysclk_switch_status_get  at32f403a_407_crm.o
    0x08000ae8   0x00000038   Code   RO          415    i.delay_init        ads131m0x_function.o
    0x08000b20   0x00000074   Code   RO          416    i.delay_ms          ads131m0x_function.o
    0x08000b94   0x00000050   Code   RO          417    i.delay_us          ads131m0x_function.o
    0x08000be4   0x00000018   Code   RO          275    i.enforce_selected_device_modes  ads131m0x.o
    0x08000bfc   0x0000000e   Code   RO          801    i.exint_default_para_init  at32f403a_407_exint.o
    0x08000c0a   0x00000002   PAD
    0x08000c0c   0x00000020   Code   RO          803    i.exint_flag_clear  at32f403a_407_exint.o
    0x08000c2c   0x0000001c   Code   RO          804    i.exint_flag_get    at32f403a_407_exint.o
    0x08000c48   0x00000098   Code   RO          805    i.exint_init        at32f403a_407_exint.o
    0x08000ce0   0x00000020   Code   RO          806    i.exint_interrupt_enable  at32f403a_407_exint.o
    0x08000d00   0x0000003c   Code   RO          276    i.extract_low_24_bits  ads131m0x.o
    0x08000d3c   0x0000004c   Code   RO          277    i.getRegisterValue  ads131m0x.o
    0x08000d88   0x00000018   Code   RO          278    i.getWordByteLength  ads131m0x.o
    0x08000da0   0x00000004   Code   RO         1156    i.gpio_bits_reset   at32f403a_407_gpio.o
    0x08000da4   0x0000000a   Code   RO         1158    i.gpio_bits_write   at32f403a_407_gpio.o
    0x08000dae   0x00000016   Code   RO         1159    i.gpio_default_para_init  at32f403a_407_gpio.o
    0x08000dc4   0x000000a4   Code   RO         1162    i.gpio_exint_line_config  at32f403a_407_gpio.o
    0x08000e68   0x000000a8   Code   RO         1163    i.gpio_init         at32f403a_407_gpio.o
    0x08000f10   0x0000004c   Code   RO         1169    i.gpio_pin_remap_config  at32f403a_407_gpio.o
    0x08000f5c   0x00000006   Code   RO          280    i.lowerByte         ads131m0x.o
    0x08000f62   0x00000002   PAD
    0x08000f64   0x00000274   Code   RO            4    i.main              main.o
    0x080011d8   0x0000002c   Code   RO         1282    i.nvic_irq_disable  at32f403a_407_misc.o
    0x08001204   0x000000c8   Code   RO         1283    i.nvic_irq_enable   at32f403a_407_misc.o
    0x080012cc   0x00000028   Code   RO         1285    i.nvic_priority_group_config  at32f403a_407_misc.o
    0x080012f4   0x000000dc   Code   RO          281    i.readData          ads131m0x.o
    0x080013d0   0x00000080   Code   RO          282    i.readSingleRegister  ads131m0x.o
    0x08001450   0x000000f0   Code   RO          485    i.read_response     da16600.o
    0x08001540   0x00000078   Code   RO          284    i.restoreRegisterDefaults  ads131m0x.o
    0x080015b8   0x00000160   Code   RO          285    i.sendCommand       ads131m0x.o
    0x08001718   0x0000007c   Code   RO          486    i.send_data         da16600.o
    0x08001794   0x00000078   Code   RO          418    i.spiSendReceiveArrays  ads131m0x_function.o
    0x0800180c   0x00000038   Code   RO          419    i.spiSendReceiveByte  ads131m0x_function.o
    0x08001844   0x00000016   Code   RO         1438    i.spi_default_para_init  at32f403a_407_spi.o
    0x0800185a   0x0000000a   Code   RO         1439    i.spi_enable        at32f403a_407_spi.o
    0x08001864   0x0000000a   Code   RO         1442    i.spi_hardware_cs_output_enable  at32f403a_407_spi.o
    0x0800186e   0x00000008   Code   RO         1443    i.spi_i2s_data_receive  at32f403a_407_spi.o
    0x08001876   0x00000004   Code   RO         1444    i.spi_i2s_data_transmit  at32f403a_407_spi.o
    0x0800187a   0x00000010   Code   RO         1448    i.spi_i2s_flag_get  at32f403a_407_spi.o
    0x0800188a   0x00000124   Code   RO         1451    i.spi_init          at32f403a_407_spi.o
    0x080019ae   0x00000002   PAD
    0x080019b0   0x000000f8   Code   RO         1942    i.system_core_clock_update  system_at32f403a_407.o
    0x08001aa8   0x00000028   Code   RO         1288    i.systick_clock_source_config  at32f403a_407_misc.o
    0x08001ad0   0x00000010   Code   RO         1587    i.tmr_base_init     at32f403a_407_tmr.o
    0x08001ae0   0x00000028   Code   RO         1595    i.tmr_channel_value_set  at32f403a_407_tmr.o
    0x08001b08   0x0000000a   Code   RO         1596    i.tmr_clock_source_div_set  at32f403a_407_tmr.o
    0x08001b12   0x0000000a   Code   RO         1597    i.tmr_cnt_dir_set   at32f403a_407_tmr.o
    0x08001b1c   0x0000000a   Code   RO         1598    i.tmr_counter_enable  at32f403a_407_tmr.o
    0x08001b26   0x00000042   Code   RO         1621    i.tmr_output_channel_buffer_enable  at32f403a_407_tmr.o
    0x08001b68   0x000001a0   Code   RO         1622    i.tmr_output_channel_config  at32f403a_407_tmr.o
    0x08001d08   0x00000042   Code   RO         1623    i.tmr_output_channel_immediately_set  at32f403a_407_tmr.o
    0x08001d4a   0x0000000a   Code   RO         1631    i.tmr_period_buffer_enable  at32f403a_407_tmr.o
    0x08001d54   0x0000000a   Code   RO         1634    i.tmr_primary_mode_select  at32f403a_407_tmr.o
    0x08001d5e   0x0000000a   Code   RO         1639    i.tmr_sub_sync_mode_set  at32f403a_407_tmr.o
    0x08001d68   0x00000038   Code   RO          420    i.toggleRESET       ads131m0x_function.o
    0x08001da0   0x00000006   Code   RO          288    i.upperByte         ads131m0x.o
    0x08001da6   0x00000002   PAD
    0x08001da8   0x0000003c   Code   RO          421    i.waitForDRDYinterrupt  ads131m0x_function.o
    0x08001de4   0x00000010   Code   RO          118    i.wk_debug_config   at32f403a_407_wk_config.o
    0x08001df4   0x000000a0   Code   RO          119    i.wk_exint_config   at32f403a_407_wk_config.o
    0x08001e94   0x00000040   Code   RO          120    i.wk_gpio_config    at32f403a_407_wk_config.o
    0x08001ed4   0x0000001e   Code   RO          121    i.wk_nvic_config    at32f403a_407_wk_config.o
    0x08001ef2   0x00000002   PAD
    0x08001ef4   0x00000044   Code   RO          122    i.wk_periph_clock_config  at32f403a_407_wk_config.o
    0x08001f38   0x000000e4   Code   RO          123    i.wk_spi1_init      at32f403a_407_wk_config.o
    0x0800201c   0x000000e8   Code   RO          124    i.wk_spi2_init      at32f403a_407_wk_config.o
    0x08002104   0x00000084   Code   RO          125    i.wk_system_clock_config  at32f403a_407_wk_config.o
    0x08002188   0x000000c0   Code   RO          126    i.wk_tmr2_init      at32f403a_407_wk_config.o
    0x08002248   0x00000094   Code   RO          289    i.writeSingleRegister  ads131m0x.o
    0x080022dc   0x0000000a   Code   RO         2103    x$fpl$fpinit        fz_wm.l(fpinit.o)
    0x080022e6   0x00000004   Data   RO          291    .constdata          ads131m0x.o
    0x080022ea   0x00000010   Data   RO         1943    .constdata          system_at32f403a_407.o
    0x080022fa   0x00000002   PAD
    0x080022fc   0x00000020   Data   RO         2152    Region$$Table       anon$$obj.o


    Execution Region RW_IRAM1 (Base: 0x20000000, Size: 0x00000fd8, Max: 0x00018000, ABSOLUTE, COMPRESSED[0x00000018])

    Base Addr    Size         Type   Attr      Idx    E Section Name        Object

    0x20000000   0x000003da   Data   RW            6    .data               main.o
    0x200003da   0x00000002   PAD
    0x200003dc   0x00000004   Data   RW          292    .data               ads131m0x.o
    0x200003e0   0x00000009   Data   RW          422    .data               ads131m0x_function.o
    0x200003e9   0x00000001   PAD
    0x200003ea   0x00000005   Data   RW          488    .data               da16600.o
    0x200003ef   0x00000001   PAD
    0x200003f0   0x00000004   Data   RW         1944    .data               system_at32f403a_407.o
    0x200003f4   0x00000014   Zero   RW            5    .bss                main.o
    0x20000408   0x00000440   Zero   RW          290    .bss                ads131m0x.o
    0x20000848   0x0000012c   Zero   RW          487    .bss                da16600.o
    0x20000974   0x00000060   Zero   RW         2039    .bss                c_w.l(libspace.o)
    0x200009d4   0x00000004   PAD
    0x200009d8   0x00000200   Zero   RW         1932    HEAP                startup_at32f403a_407.o
    0x20000bd8   0x00000400   Zero   RW         1931    STACK               startup_at32f403a_407.o


==============================================================================

Image component sizes


      Code (inc. data)   RO Data    RW Data    ZI Data      Debug   Object Name

      1322        320          4          4       1088      25198   ads131m0x.o
       544         96          0          9          0       4871   ads131m0x_function.o
       560         74          0          0          0       6575   at32f403a_407_crm.o
       258         16          0          0          0       3476   at32f403a_407_exint.o
       444         12          0          0          0       4662   at32f403a_407_gpio.o
       116         16          0          0          0       4860   at32f403a_407_int.o
       324         24          0          0          0      33415   at32f403a_407_misc.o
       362          0          0          0          0       4758   at32f403a_407_spi.o
       664          0          0          0          0       7775   at32f403a_407_tmr.o
      1122         48          0          0          0       5529   at32f403a_407_wk_config.o
       682         30          0          5        300       4083   da16600.o
       628        152          0        986         20      70855   main.o
        64         26        388          0       1536        824   startup_at32f403a_407.o
       360         38         16          4          0       2232   system_at32f403a_407.o

    ----------------------------------------------------------------------
      7466        852        442       1012       2944     179113   Object Totals
         0          0         32          0          0          0   (incl. Generated)
        16          0          2          4          0          0   (incl. Padding)

    ----------------------------------------------------------------------

      Code (inc. data)   RO Data    RW Data    ZI Data      Debug   Library Member Name

        58          0          0          0          0          0   __dczerorl.o
         8          0          0          0          0         68   __main.o
         0          0          0          0          0          0   __rtentry.o
        12          0          0          0          0          0   __rtentry2.o
         6          0          0          0          0          0   __rtentry4.o
        52          8          0          0          0          0   __scatter.o
        28          0          0          0          0          0   __scatter_zi.o
        22          0          0          0          0         80   abort.o
       128         42          0          0          0         76   assert.o
        20          0          0          0          0         76   assert_puts.o
        48         34          0          0          0         76   defsig_abrt_inner.o
        14          0          0          0          0         80   defsig_abrt_outer.o
        10          0          0          0          0         68   defsig_exit.o
        50          0          0          0          0         88   defsig_general.o
        18          0          0          0          0         80   exit.o
         6          0          0          0          0        152   heapauxi.o
         0          0          0          0          0          0   indicate_semi.o
         2          0          0          0          0          0   libinit.o
         6          0          0          0          0          0   libinit2.o
         2          0          0          0          0          0   libshutdown.o
         2          0          0          0          0          0   libshutdown2.o
         8          4          0          0         96         68   libspace.o
       138          0          0          0          0         68   rt_memcpy_v6.o
       100          0          0          0          0         80   rt_memcpy_w.o
         2          0          0          0          0          0   rtexit.o
        10          0          0          0          0          0   rtexit2.o
        62          0          0          0          0         76   strlen.o
       150          0          0          0          0         80   strncmp.o
        12          4          0          0          0         68   sys_exit.o
        74          0          0          0          0         80   sys_stackheap_outer.o
        14          0          0          0          0         76   sys_wrch.o
         2          0          0          0          0         68   use_no_semi.o
        10          0          0          0          0        116   fpinit.o

    ----------------------------------------------------------------------
      1080         92          0          0        100       1624   Library Totals
         6          0          0          0          4          0   (incl. Padding)

    ----------------------------------------------------------------------

      Code (inc. data)   RO Data    RW Data    ZI Data      Debug   Library Name

      1064         92          0          0         96       1508   c_w.l
        10          0          0          0          0        116   fz_wm.l

    ----------------------------------------------------------------------
      1080         92          0          0        100       1624   Library Totals

    ----------------------------------------------------------------------

==============================================================================


      Code (inc. data)   RO Data    RW Data    ZI Data      Debug   

      8546        944        442       1012       3044     171357   Grand Totals
      8546        944        442         24       3044     171357   ELF Image Totals (compressed)
      8546        944        442         24          0          0   ROM Totals

==============================================================================

    Total RO  Size (Code + RO Data)                 8988 (   8.78kB)
    Total RW  Size (RW Data + ZI Data)              4056 (   3.96kB)
    Total ROM Size (Code + RO Data + RW Data)       9012 (   8.80kB)

==============================================================================

