<html>
<body>
<pre>
<h1>µVision Build Log</h1>
<h2>Tool Versions:</h2>
IDE-Version: £gVision V5.23.0.0
Copyright (C) 2017 ARM Ltd and ARM Germany GmbH. All rights reserved.
License Information: 1 user, 1, LIC=D0D8T-RPDAV-63YMB-294FV-0SQ49-JCYGG
 
Tool Versions:
Toolchain:       MDK-ARM Plus  Version: 5.23
Toolchain Path:  C:\Keil_v5\ARM\ARMCC\Bin
C Compiler:      Armcc.exe V5.06 update 4 (build 422)
Assembler:       Armasm.exe V5.06 update 4 (build 422)
Linker/Locator:  ArmLink.exe V5.06 update 4 (build 422)
Library Manager: ArmAr.exe V5.06 update 4 (build 422)
Hex Converter:   FromElf.exe V5.06 update 4 (build 422)
CPU DLL:         SARMCM3.DLL V5.23
Dialog DLL:      DCM.DLL V1.15.0.0
Target DLL:      CMSIS_AGDI.dll V1.27.5.0
Dialog DLL:      TCM.DLL V1.27.0.0
 
<h2>Project:</h2>
D:\´È¹Ô\AT32F403ACGT7_WorkBench_final\project\MDK_V5\AT32F403ACGT7_WorkBench_final.uvprojx
Project File Date:  04/08/2024

<h2>Output:</h2>
*** Using Compiler 'V5.06 update 4 (build 422)', folder: 'C:\Keil_v5\ARM\ARMCC\Bin'
Rebuild target 'AT32F403ACGT7_WorkBench_final'
compiling at32f403a_407_wk_config.c...
compiling main.c...
..\src\main.c(133): warning:  #167-D: argument of type "uint8_t *" is incompatible with parameter of type "const char *"
  				if(strncmp(re_data, "\r\n+WFCST", 8) == 0)
..\src\main.c(140): warning:  #167-D: argument of type "uint8_t *" is incompatible with parameter of type "const char *"
  				if(strncmp(re_data, "\r\nOK\r\n", 6) == 0)
..\src\main.c(175): warning:  #167-D: argument of type "uint8_t *" is incompatible with parameter of type "const char *"
  			if(strncmp(re_data, "\r\nERROR:-736\r\n", 14))
..\src\main.c(217): warning:  #167-D: argument of type "uint8_t *" is incompatible with parameter of type "const char *"
  			if(strncmp(re_data, "\r\nOK\r\n", 6) == 0)
..\src\main.c(221): warning:  #167-D: argument of type "uint8_t *" is incompatible with parameter of type "const char *"
  			else if(strncmp(re_data, "\r\n+WFDST", 8) == 0)
..\src\main.c(228): warning:  #167-D: argument of type "uint8_t *" is incompatible with parameter of type "const char *"
  			else if(strncmp(re_data, "\r\n+TRXTC", 8) == 0)
..\src\main.c: 6 warnings, 0 errors
compiling at32f403a_407_tmr.c...
assembling startup_at32f403a_407.s...
compiling at32f403a_407_pwc.c...
compiling at32f403a_407_int.c...
compiling at32f403a_407_misc.c...
compiling at32f403a_407_exint.c...
compiling at32f403a_407_gpio.c...
compiling at32f403a_407_crm.c...
compiling at32f403a_407_flash.c...
compiling ads131m0x.c...
compiling DA16600.c...
..\src\DA16600.c(37): warning:  #167-D: argument of type "uint8_t *" is incompatible with parameter of type "const char *"
  	uint8_t length=strlen(AT_CMD);
..\src\DA16600.c: 1 warning, 0 errors
compiling at32f403a_407_debug.c...
compiling ads131m0x_function.c...
compiling at32f403a_407_spi.c...
compiling system_at32f403a_407.c...
linking...
Program Size: Code=8546 RO-data=442 RW-data=1012 ZI-data=3044  
FromELF: creating hex file...
".\objects\AT32F403ACGT7_WorkBench_final.axf" - 0 Error(s), 7 Warning(s).

<h2>Collection of Component include folders:</h2>
  .\RTE\_AT32F403ACGT7_WorkBench_final
  C:\Keil_v5\ARM\PACK\ArteryTek\AT32F403A_407_DFP\2.1.4\Device\Include

<h2>Collection of Component Files used:</h2>
Build Time Elapsed:  00:00:01
</pre>
</body>
</html>
